Component: ARM Compiler 5.06 update 6 (build 750) Tool: armlink [4d35ed]

==============================================================================

Section Cross References

    startup_stm32f205xx.o(STACK) refers (Special) to heapauxi.o(.text) for __use_two_region_memory
    startup_stm32f205xx.o(HEAP) refers (Special) to heapauxi.o(.text) for __use_two_region_memory
    startup_stm32f205xx.o(RESET) refers (Special) to heapauxi.o(.text) for __use_two_region_memory
    startup_stm32f205xx.o(RESET) refers to startup_stm32f205xx.o(STACK) for __initial_sp
    startup_stm32f205xx.o(RESET) refers to startup_stm32f205xx.o(.text) for Reset_Handler
    startup_stm32f205xx.o(RESET) refers to stm32f2xx_it.o(i.NMI_Handler) for NMI_Handler
    startup_stm32f205xx.o(RESET) refers to stm32f2xx_it.o(i.HardFault_Handler) for HardFault_Handler
    startup_stm32f205xx.o(RESET) refers to stm32f2xx_it.o(i.MemManage_Handler) for MemManage_Handler
    startup_stm32f205xx.o(RESET) refers to stm32f2xx_it.o(i.BusFault_Handler) for BusFault_Handler
    startup_stm32f205xx.o(RESET) refers to stm32f2xx_it.o(i.UsageFault_Handler) for UsageFault_Handler
    startup_stm32f205xx.o(RESET) refers to stm32f2xx_it.o(i.SVC_Handler) for SVC_Handler
    startup_stm32f205xx.o(RESET) refers to stm32f2xx_it.o(i.DebugMon_Handler) for DebugMon_Handler
    startup_stm32f205xx.o(RESET) refers to stm32f2xx_it.o(i.PendSV_Handler) for PendSV_Handler
    startup_stm32f205xx.o(RESET) refers to stm32f2xx_it.o(i.SysTick_Handler) for SysTick_Handler
    startup_stm32f205xx.o(RESET) refers to stm32f2xx_it.o(i.USART3_IRQHandler) for USART3_IRQHandler
    startup_stm32f205xx.o(RESET) refers to stm32f2xx_it.o(i.TIM5_IRQHandler) for TIM5_IRQHandler
    startup_stm32f205xx.o(.text) refers (Special) to heapauxi.o(.text) for __use_two_region_memory
    startup_stm32f205xx.o(.text) refers to system_stm32f2xx.o(i.SystemInit) for SystemInit
    startup_stm32f205xx.o(.text) refers to __main.o(!!!main) for __main
    startup_stm32f205xx.o(.text) refers to startup_stm32f205xx.o(HEAP) for Heap_Mem
    startup_stm32f205xx.o(.text) refers to startup_stm32f205xx.o(STACK) for Stack_Mem
    main.o(i.SystemClock_Config) refers to rt_memclr_w.o(.text) for __aeabi_memclr4
    main.o(i.SystemClock_Config) refers to stm32f2xx_hal_rcc.o(i.HAL_RCC_OscConfig) for HAL_RCC_OscConfig
    main.o(i.SystemClock_Config) refers to main.o(i.Error_Handler) for Error_Handler
    main.o(i.SystemClock_Config) refers to stm32f2xx_hal_rcc.o(i.HAL_RCC_ClockConfig) for HAL_RCC_ClockConfig
    main.o(i.main) refers to stm32f2xx_hal.o(i.HAL_Init) for HAL_Init
    main.o(i.main) refers to main.o(i.SystemClock_Config) for SystemClock_Config
    main.o(i.main) refers to gpio.o(i.MX_GPIO_Init) for MX_GPIO_Init
    main.o(i.main) refers to tim.o(i.MX_TIM5_Init) for MX_TIM5_Init
    main.o(i.main) refers to usart.o(i.MX_USART3_UART_Init) for MX_USART3_UART_Init
    tim.o(i.HAL_TIM_Base_MspDeInit) refers to stm32f2xx_hal_cortex.o(i.HAL_NVIC_DisableIRQ) for HAL_NVIC_DisableIRQ
    tim.o(i.HAL_TIM_Base_MspInit) refers to stm32f2xx_hal_cortex.o(i.HAL_NVIC_SetPriority) for HAL_NVIC_SetPriority
    tim.o(i.HAL_TIM_Base_MspInit) refers to stm32f2xx_hal_cortex.o(i.HAL_NVIC_EnableIRQ) for HAL_NVIC_EnableIRQ
    tim.o(i.MX_TIM5_Init) refers to stm32f2xx_hal_tim.o(i.HAL_TIM_Base_Init) for HAL_TIM_Base_Init
    tim.o(i.MX_TIM5_Init) refers to main.o(i.Error_Handler) for Error_Handler
    tim.o(i.MX_TIM5_Init) refers to stm32f2xx_hal_tim.o(i.HAL_TIM_ConfigClockSource) for HAL_TIM_ConfigClockSource
    tim.o(i.MX_TIM5_Init) refers to stm32f2xx_hal_tim_ex.o(i.HAL_TIMEx_MasterConfigSynchronization) for HAL_TIMEx_MasterConfigSynchronization
    tim.o(i.MX_TIM5_Init) refers to tim.o(.bss) for htim5
    usart.o(i.HAL_UART_MspDeInit) refers to stm32f2xx_hal_gpio.o(i.HAL_GPIO_DeInit) for HAL_GPIO_DeInit
    usart.o(i.HAL_UART_MspDeInit) refers to stm32f2xx_hal_cortex.o(i.HAL_NVIC_DisableIRQ) for HAL_NVIC_DisableIRQ
    usart.o(i.HAL_UART_MspInit) refers to rt_memclr_w.o(.text) for __aeabi_memclr4
    usart.o(i.HAL_UART_MspInit) refers to stm32f2xx_hal_gpio.o(i.HAL_GPIO_Init) for HAL_GPIO_Init
    usart.o(i.HAL_UART_MspInit) refers to stm32f2xx_hal_cortex.o(i.HAL_NVIC_SetPriority) for HAL_NVIC_SetPriority
    usart.o(i.HAL_UART_MspInit) refers to stm32f2xx_hal_cortex.o(i.HAL_NVIC_EnableIRQ) for HAL_NVIC_EnableIRQ
    usart.o(i.MX_USART3_UART_Init) refers to stm32f2xx_hal_uart.o(i.HAL_UART_Init) for HAL_UART_Init
    usart.o(i.MX_USART3_UART_Init) refers to main.o(i.Error_Handler) for Error_Handler
    usart.o(i.MX_USART3_UART_Init) refers to usart.o(.bss) for huart3
    stm32f2xx_it.o(i.SysTick_Handler) refers to stm32f2xx_hal.o(i.HAL_IncTick) for HAL_IncTick
    stm32f2xx_it.o(i.TIM5_IRQHandler) refers to stm32f2xx_hal_tim.o(i.HAL_TIM_IRQHandler) for HAL_TIM_IRQHandler
    stm32f2xx_it.o(i.TIM5_IRQHandler) refers to tim.o(.bss) for htim5
[...]
    stm32f2xx_hal_tim.o(i.HAL_TIM_Encoder_Start_IT) refers to stm32f2xx_hal_tim.o(i.TIM_CCxChannelCmd) for TIM_CCxChannelCmd
    stm32f2xx_hal_tim.o(i.HAL_TIM_Encoder_Stop) refers to stm32f2xx_hal_tim.o(i.TIM_CCxChannelCmd) for TIM_CCxChannelCmd
    stm32f2xx_hal_tim.o(i.HAL_TIM_Encoder_Stop_DMA) refers to stm32f2xx_hal_tim.o(i.TIM_CCxChannelCmd) for TIM_CCxChannelCmd
    stm32f2xx_hal_tim.o(i.HAL_TIM_Encoder_Stop_DMA) refers to stm32f2xx_hal_dma.o(i.HAL_DMA_Abort_IT) for HAL_DMA_Abort_IT
    stm32f2xx_hal_tim.o(i.HAL_TIM_Encoder_Stop_IT) refers to stm32f2xx_hal_tim.o(i.TIM_CCxChannelCmd) for TIM_CCxChannelCmd
    stm32f2xx_hal_tim.o(i.HAL_TIM_IC_ConfigChannel) refers to stm32f2xx_hal_tim.o(i.TIM_TI1_SetConfig) for TIM_TI1_SetConfig
    stm32f2xx_hal_tim.o(i.HAL_TIM_IC_ConfigChannel) refers to stm32f2xx_hal_tim.o(i.TIM_TI2_SetConfig) for TIM_TI2_SetConfig
    stm32f2xx_hal_tim.o(i.HAL_TIM_IC_ConfigChannel) refers to stm32f2xx_hal_tim.o(i.TIM_TI3_SetConfig) for TIM_TI3_SetConfig
    stm32f2xx_hal_tim.o(i.HAL_TIM_IC_ConfigChannel) refers to stm32f2xx_hal_tim.o(i.TIM_TI4_SetConfig) for TIM_TI4_SetConfig
    stm32f2xx_hal_tim.o(i.HAL_TIM_IC_DeInit) refers to stm32f2xx_hal_tim.o(i.HAL_TIM_IC_MspDeInit) for HAL_TIM_IC_MspDeInit
    stm32f2xx_hal_tim.o(i.HAL_TIM_IC_Init) refers to stm32f2xx_hal_tim.o(i.HAL_TIM_IC_MspInit) for HAL_TIM_IC_MspInit
    stm32f2xx_hal_tim.o(i.HAL_TIM_IC_Init) refers to stm32f2xx_hal_tim.o(i.TIM_Base_SetConfig) for TIM_Base_SetConfig
    stm32f2xx_hal_tim.o(i.HAL_TIM_IC_Start) refers to stm32f2xx_hal_tim.o(i.TIM_CCxChannelCmd) for TIM_CCxChannelCmd
    stm32f2xx_hal_tim.o(i.HAL_TIM_IC_Start_DMA) refers to stm32f2xx_hal_tim.o(i.TIM_CCxChannelCmd) for TIM_CCxChannelCmd
    stm32f2xx_hal_tim.o(i.HAL_TIM_IC_Start_DMA) refers to stm32f2xx_hal_dma.o(i.HAL_DMA_Start_IT) for HAL_DMA_Start_IT
    stm32f2xx_hal_tim.o(i.HAL_TIM_IC_Start_DMA) refers to stm32f2xx_hal_tim.o(i.TIM_DMACaptureCplt) for TIM_DMACaptureCplt
    stm32f2xx_hal_tim.o(i.HAL_TIM_IC_Start_DMA) refers to stm32f2xx_hal_tim.o(i.TIM_DMACaptureHalfCplt) for TIM_DMACaptureHalfCplt
    stm32f2xx_hal_tim.o(i.HAL_TIM_IC_Start_DMA) refers to stm32f2xx_hal_tim.o(i.TIM_DMAError) for TIM_DMAError
    stm32f2xx_hal_tim.o(i.HAL_TIM_IC_Start_IT) refers to stm32f2xx_hal_tim.o(i.TIM_CCxChannelCmd) for TIM_CCxChannelCmd
    stm32f2xx_hal_tim.o(i.HAL_TIM_IC_Stop) refers to stm32f2xx_hal_tim.o(i.TIM_CCxChannelCmd) for TIM_CCxChannelCmd
    stm32f2xx_hal_tim.o(i.HAL_TIM_IC_Stop_DMA) refers to stm32f2xx_hal_tim.o(i.TIM_CCxChannelCmd) for TIM_CCxChannelCmd
    stm32f2xx_hal_tim.o(i.HAL_TIM_IC_Stop_DMA) refers to stm32f2xx_hal_dma.o(i.HAL_DMA_Abort_IT) for HAL_DMA_Abort_IT
    stm32f2xx_hal_tim.o(i.HAL_TIM_IC_Stop_IT) refers to stm32f2xx_hal_tim.o(i.TIM_CCxChannelCmd) for TIM_CCxChannelCmd
    stm32f2xx_hal_tim.o(i.HAL_TIM_IRQHandler) refers to stm32f2xx_hal_tim.o(i.HAL_TIM_IC_CaptureCallback) for HAL_TIM_IC_CaptureCallback
    stm32f2xx_hal_tim.o(i.HAL_TIM_IRQHandler) refers to stm32f2xx_hal_tim.o(i.HAL_TIM_OC_DelayElapsedCallback) for HAL_TIM_OC_DelayElapsedCallback
    stm32f2xx_hal_tim.o(i.HAL_TIM_IRQHandler) refers to stm32f2xx_hal_tim.o(i.HAL_TIM_PWM_PulseFinishedCallback) for HAL_TIM_PWM_PulseFinishedCallback
    stm32f2xx_hal_tim.o(i.HAL_TIM_IRQHandler) refers to porttimer.o(i.HAL_TIM_PeriodElapsedCallback) for HAL_TIM_PeriodElapsedCallback
    stm32f2xx_hal_tim.o(i.HAL_TIM_IRQHandler) refers to stm32f2xx_hal_tim_ex.o(i.HAL_TIMEx_BreakCallback) for HAL_TIMEx_BreakCallback
    stm32f2xx_hal_tim.o(i.HAL_TIM_IRQHandler) refers to stm32f2xx_hal_tim.o(i.HAL_TIM_TriggerCallback) for HAL_TIM_TriggerCallback
    stm32f2xx_hal_tim.o(i.HAL_TIM_IRQHandler) refers to stm32f2xx_hal_tim_ex.o(i.HAL_TIMEx_CommutCallback) for HAL_TIMEx_CommutCallback
    stm32f2xx_hal_tim.o(i.HAL_TIM_OC_ConfigChannel) refers to stm32f2xx_hal_tim.o(i.TIM_OC1_SetConfig) for TIM_OC1_SetConfig
    stm32f2xx_hal_tim.o(i.HAL_TIM_OC_ConfigChannel) refers to stm32f2xx_hal_tim.o(i.TIM_OC2_SetConfig) for TIM_OC2_SetConfig
    stm32f2xx_hal_tim.o(i.HAL_TIM_OC_ConfigChannel) refers to stm32f2xx_hal_tim.o(i.TIM_OC3_SetConfig) for TIM_OC3_SetConfig
    stm32f2xx_hal_tim.o(i.HAL_TIM_OC_ConfigChannel) refers to stm32f2xx_hal_tim.o(i.TIM_OC4_SetConfig) for TIM_OC4_SetConfig
    stm32f2xx_hal_tim.o(i.HAL_TIM_OC_DeInit) refers to stm32f2xx_hal_tim.o(i.HAL_TIM_OC_MspDeInit) for HAL_TIM_OC_MspDeInit
    stm32f2xx_hal_tim.o(i.HAL_TIM_OC_Init) refers to stm32f2xx_hal_tim.o(i.HAL_TIM_OC_MspInit) for HAL_TIM_OC_MspInit
    stm32f2xx_hal_tim.o(i.HAL_TIM_OC_Init) refers to stm32f2xx_hal_tim.o(i.TIM_Base_SetConfig) for TIM_Base_SetConfig
    stm32f2xx_hal_tim.o(i.HAL_TIM_OC_Start) refers to stm32f2xx_hal_tim.o(i.TIM_CCxChannelCmd) for TIM_CCxChannelCmd
    stm32f2xx_hal_tim.o(i.HAL_TIM_OC_Start_DMA) refers to stm32f2xx_hal_dma.o(i.HAL_DMA_Start_IT) for HAL_DMA_Start_IT
    stm32f2xx_hal_tim.o(i.HAL_TIM_OC_Start_DMA) refers to stm32f2xx_hal_tim.o(i.TIM_CCxChannelCmd) for TIM_CCxChannelCmd
    stm32f2xx_hal_tim.o(i.HAL_TIM_OC_Start_DMA) refers to stm32f2xx_hal_tim.o(i.TIM_DMADelayPulseCplt) for TIM_DMADelayPulseCplt
    stm32f2xx_hal_tim.o(i.HAL_TIM_OC_Start_DMA) refers to stm32f2xx_hal_tim.o(i.TIM_DMADelayPulseHalfCplt) for TIM_DMADelayPulseHalfCplt
    stm32f2xx_hal_tim.o(i.HAL_TIM_OC_Start_DMA) refers to stm32f2xx_hal_tim.o(i.TIM_DMAError) for TIM_DMAError
    stm32f2xx_hal_tim.o(i.HAL_TIM_OC_Start_IT) refers to stm32f2xx_hal_tim.o(i.TIM_CCxChannelCmd) for TIM_CCxChannelCmd
    stm32f2xx_hal_tim.o(i.HAL_TIM_OC_Stop) refers to stm32f2xx_hal_tim.o(i.TIM_CCxChannelCmd) for TIM_CCxChannelCmd
    stm32f2xx_hal_tim.o(i.HAL_TIM_OC_Stop_DMA) refers to stm32f2xx_hal_dma.o(i.HAL_DMA_Abort_IT) for HAL_DMA_Abort_IT
    stm32f2xx_hal_tim.o(i.HAL_TIM_OC_Stop_DMA) refers to stm32f2xx_hal_tim.o(i.TIM_CCxChannelCmd) for TIM_CCxChannelCmd
    stm32f2xx_hal_tim.o(i.HAL_TIM_OC_Stop_IT) refers to stm32f2xx_hal_tim.o(i.TIM_CCxChannelCmd) for TIM_CCxChannelCmd
    stm32f2xx_hal_tim.o(i.HAL_TIM_OnePulse_ConfigChannel) refers to stm32f2xx_hal_tim.o(i.TIM_OC1_SetConfig) for TIM_OC1_SetConfig
    stm32f2xx_hal_tim.o(i.HAL_TIM_OnePulse_ConfigChannel) refers to stm32f2xx_hal_tim.o(i.TIM_OC2_SetConfig) for TIM_OC2_SetConfig
    stm32f2xx_hal_tim.o(i.HAL_TIM_OnePulse_ConfigChannel) refers to stm32f2xx_hal_tim.o(i.TIM_TI1_SetConfig) for TIM_TI1_SetConfig
    stm32f2xx_hal_tim.o(i.HAL_TIM_OnePulse_ConfigChannel) refers to stm32f2xx_hal_tim.o(i.TIM_TI2_SetConfig) for TIM_TI2_SetConfig
    stm32f2xx_hal_tim.o(i.HAL_TIM_OnePulse_DeInit) refers to stm32f2xx_hal_tim.o(i.HAL_TIM_OnePulse_MspDeInit) for HAL_TIM_OnePulse_MspDeInit
    stm32f2xx_hal_tim.o(i.HAL_TIM_OnePulse_Init) refers to stm32f2xx_hal_tim.o(i.HAL_TIM_OnePulse_MspInit) for HAL_TIM_OnePulse_MspInit
    stm32f2xx_hal_tim.o(i.HAL_TIM_OnePulse_Init) refers to stm32f2xx_hal_tim.o(i.TIM_Base_SetConfig) for TIM_Base_SetConfig
    stm32f2xx_hal_tim.o(i.HAL_TIM_OnePulse_Start) refers to stm32f2xx_hal_tim.o(i.TIM_CCxChannelCmd) for TIM_CCxChannelCmd
    stm32f2xx_hal_tim.o(i.HAL_TIM_OnePulse_Start_IT) refers to stm32f2xx_hal_tim.o(i.TIM_CCxChannelCmd) for TIM_CCxChannelCmd
    stm32f2xx_hal_tim.o(i.HAL_TIM_OnePulse_Stop) refers to stm32f2xx_hal_tim.o(i.TIM_CCxChannelCmd) for TIM_CCxChannelCmd
    stm32f2xx_hal_tim.o(i.HAL_TIM_OnePulse_Stop_IT) refers to stm32f2xx_hal_tim.o(i.TIM_CCxChannelCmd) for TIM_CCxChannelCmd
    stm32f2xx_hal_tim.o(i.HAL_TIM_PWM_ConfigChannel) refers to stm32f2xx_hal_tim.o(i.TIM_OC1_SetConfig) for TIM_OC1_SetConfig
    stm32f2xx_hal_tim.o(i.HAL_TIM_PWM_ConfigChannel) refers to stm32f2xx_hal_tim.o(i.TIM_OC2_SetConfig) for TIM_OC2_SetConfig
    stm32f2xx_hal_tim.o(i.HAL_TIM_PWM_ConfigChannel) refers to stm32f2xx_hal_tim.o(i.TIM_OC3_SetConfig) for TIM_OC3_SetConfig
    stm32f2xx_hal_tim.o(i.HAL_TIM_PWM_ConfigChannel) refers to stm32f2xx_hal_tim.o(i.TIM_OC4_SetConfig) for TIM_OC4_SetConfig
    stm32f2xx_hal_tim.o(i.HAL_TIM_PWM_DeInit) refers to stm32f2xx_hal_tim.o(i.HAL_TIM_PWM_MspDeInit) for HAL_TIM_PWM_MspDeInit
    stm32f2xx_hal_tim.o(i.HAL_TIM_PWM_Init) refers to stm32f2xx_hal_tim.o(i.HAL_TIM_PWM_MspInit) for HAL_TIM_PWM_MspInit
    stm32f2xx_hal_tim.o(i.HAL_TIM_PWM_Init) refers to stm32f2xx_hal_tim.o(i.TIM_Base_SetConfig) for TIM_Base_SetConfig
    stm32f2xx_hal_tim.o(i.HAL_TIM_PWM_Start) refers to stm32f2xx_hal_tim.o(i.TIM_CCxChannelCmd) for TIM_CCxChannelCmd
    stm32f2xx_hal_tim.o(i.HAL_TIM_PWM_Start_DMA) refers to stm32f2xx_hal_dma.o(i.HAL_DMA_Start_IT) for HAL_DMA_Start_IT
    stm32f2xx_hal_tim.o(i.HAL_TIM_PWM_Start_DMA) refers to stm32f2xx_hal_tim.o(i.TIM_CCxChannelCmd) for TIM_CCxChannelCmd
    stm32f2xx_hal_tim.o(i.HAL_TIM_PWM_Start_DMA) refers to stm32f2xx_hal_tim.o(i.TIM_DMADelayPulseCplt) for TIM_DMADelayPulseCplt
    stm32f2xx_hal_tim.o(i.HAL_TIM_PWM_Start_DMA) refers to stm32f2xx_hal_tim.o(i.TIM_DMADelayPulseHalfCplt) for TIM_DMADelayPulseHalfCplt
    stm32f2xx_hal_tim.o(i.HAL_TIM_PWM_Start_DMA) refers to stm32f2xx_hal_tim.o(i.TIM_DMAError) for TIM_DMAError
    stm32f2xx_hal_tim.o(i.HAL_TIM_PWM_Start_IT) refers to stm32f2xx_hal_tim.o(i.TIM_CCxChannelCmd) for TIM_CCxChannelCmd
    stm32f2xx_hal_tim.o(i.HAL_TIM_PWM_Stop) refers to stm32f2xx_hal_tim.o(i.TIM_CCxChannelCmd) for TIM_CCxChannelCmd
    stm32f2xx_hal_tim.o(i.HAL_TIM_PWM_Stop_DMA) refers to stm32f2xx_hal_dma.o(i.HAL_DMA_Abort_IT) for HAL_DMA_Abort_IT
    stm32f2xx_hal_tim.o(i.HAL_TIM_PWM_Stop_DMA) refers to stm32f2xx_hal_tim.o(i.TIM_CCxChannelCmd) for TIM_CCxChannelCmd
    stm32f2xx_hal_tim.o(i.HAL_TIM_PWM_Stop_IT) refers to stm32f2xx_hal_tim.o(i.TIM_CCxChannelCmd) for TIM_CCxChannelCmd
    stm32f2xx_hal_tim.o(i.HAL_TIM_SlaveConfigSynchro) refers to stm32f2xx_hal_tim.o(i.TIM_SlaveTimer_SetConfig) for TIM_SlaveTimer_SetConfig
    stm32f2xx_hal_tim.o(i.HAL_TIM_SlaveConfigSynchro_IT) refers to stm32f2xx_hal_tim.o(i.TIM_SlaveTimer_SetConfig) for TIM_SlaveTimer_SetConfig
    stm32f2xx_hal_tim.o(i.TIM_DMACaptureCplt) refers to stm32f2xx_hal_tim.o(i.HAL_TIM_IC_CaptureCallback) for HAL_TIM_IC_CaptureCallback
    stm32f2xx_hal_tim.o(i.TIM_DMACaptureHalfCplt) refers to stm32f2xx_hal_tim.o(i.HAL_TIM_IC_CaptureHalfCpltCallback) for HAL_TIM_IC_CaptureHalfCpltCallback
    stm32f2xx_hal_tim.o(i.TIM_DMADelayPulseCplt) refers to stm32f2xx_hal_tim.o(i.HAL_TIM_PWM_PulseFinishedCallback) for HAL_TIM_PWM_PulseFinishedCallback
    stm32f2xx_hal_tim.o(i.TIM_DMADelayPulseHalfCplt) refers to stm32f2xx_hal_tim.o(i.HAL_TIM_PWM_PulseFinishedHalfCpltCallback) for HAL_TIM_PWM_PulseFinishedHalfCpltCallback
    stm32f2xx_hal_tim.o(i.TIM_DMAError) refers to stm32f2xx_hal_tim.o(i.HAL_TIM_ErrorCallback) for HAL_TIM_ErrorCallback
    stm32f2xx_hal_tim.o(i.TIM_DMAPeriodElapsedCplt) refers to porttimer.o(i.HAL_TIM_PeriodElapsedCallback) for HAL_TIM_PeriodElapsedCallback
    stm32f2xx_hal_tim.o(i.TIM_DMAPeriodElapsedHalfCplt) refers to stm32f2xx_hal_tim.o(i.HAL_TIM_PeriodElapsedHalfCpltCallback) for HAL_TIM_PeriodElapsedHalfCpltCallback
    stm32f2xx_hal_tim.o(i.TIM_DMATriggerCplt) refers to stm32f2xx_hal_tim.o(i.HAL_TIM_TriggerCallback) for HAL_TIM_TriggerCallback
    stm32f2xx_hal_tim.o(i.TIM_DMATriggerHalfCplt) refers to stm32f2xx_hal_tim.o(i.HAL_TIM_TriggerHalfCpltCallback) for HAL_TIM_TriggerHalfCpltCallback
    stm32f2xx_hal_tim.o(i.TIM_SlaveTimer_SetConfig) refers to stm32f2xx_hal_tim.o(i.TIM_ETR_SetConfig) for TIM_ETR_SetConfig
    stm32f2xx_hal_tim.o(i.TIM_SlaveTimer_SetConfig) refers to stm32f2xx_hal_tim.o(i.TIM_TI1_ConfigInputStage) for TIM_TI1_ConfigInputStage
    stm32f2xx_hal_tim.o(i.TIM_SlaveTimer_SetConfig) refers to stm32f2xx_hal_tim.o(i.TIM_TI2_ConfigInputStage) for TIM_TI2_ConfigInputStage
    stm32f2xx_hal_tim_ex.o(i.HAL_TIMEx_ConfigCommutEvent_DMA) refers to stm32f2xx_hal_tim_ex.o(i.TIMEx_DMACommutationCplt) for TIMEx_DMACommutationCplt
    stm32f2xx_hal_tim_ex.o(i.HAL_TIMEx_ConfigCommutEvent_DMA) refers to stm32f2xx_hal_tim_ex.o(i.TIMEx_DMACommutationHalfCplt) for TIMEx_DMACommutationHalfCplt
    stm32f2xx_hal_tim_ex.o(i.HAL_TIMEx_ConfigCommutEvent_DMA) refers to stm32f2xx_hal_tim.o(i.TIM_DMAError) for TIM_DMAError
    stm32f2xx_hal_tim_ex.o(i.HAL_TIMEx_HallSensor_DeInit) refers to stm32f2xx_hal_tim_ex.o(i.HAL_TIMEx_HallSensor_MspDeInit) for HAL_TIMEx_HallSensor_MspDeInit
    stm32f2xx_hal_tim_ex.o(i.HAL_TIMEx_HallSensor_Init) refers to stm32f2xx_hal_tim_ex.o(i.HAL_TIMEx_HallSensor_MspInit) for HAL_TIMEx_HallSensor_MspInit
    stm32f2xx_hal_tim_ex.o(i.HAL_TIMEx_HallSensor_Init) refers to stm32f2xx_hal_tim.o(i.TIM_Base_SetConfig) for TIM_Base_SetConfig
    stm32f2xx_hal_tim_ex.o(i.HAL_TIMEx_HallSensor_Init) refers to stm32f2xx_hal_tim.o(i.TIM_TI1_SetConfig) for TIM_TI1_SetConfig
    stm32f2xx_hal_tim_ex.o(i.HAL_TIMEx_HallSensor_Init) refers to stm32f2xx_hal_tim.o(i.TIM_OC2_SetConfig) for TIM_OC2_SetConfig
    stm32f2xx_hal_tim_ex.o(i.HAL_TIMEx_HallSensor_Start) refers to stm32f2xx_hal_tim.o(i.TIM_CCxChannelCmd) for TIM_CCxChannelCmd
    stm32f2xx_hal_tim_ex.o(i.HAL_TIMEx_HallSensor_Start_DMA) refers to stm32f2xx_hal_tim.o(i.TIM_CCxChannelCmd) for TIM_CCxChannelCmd
    stm32f2xx_hal_tim_ex.o(i.HAL_TIMEx_HallSensor_Start_DMA) refers to stm32f2xx_hal_dma.o(i.HAL_DMA_Start_IT) for HAL_DMA_Start_IT
    stm32f2xx_hal_tim_ex.o(i.HAL_TIMEx_HallSensor_Start_DMA) refers to stm32f2xx_hal_tim.o(i.TIM_DMACaptureCplt) for TIM_DMACaptureCplt
    stm32f2xx_hal_tim_ex.o(i.HAL_TIMEx_HallSensor_Start_DMA) refers to stm32f2xx_hal_tim.o(i.TIM_DMACaptureHalfCplt) for TIM_DMACaptureHalfCplt
    stm32f2xx_hal_tim_ex.o(i.HAL_TIMEx_HallSensor_Start_DMA) refers to stm32f2xx_hal_tim.o(i.TIM_DMAError) for TIM_DMAError
    stm32f2xx_hal_tim_ex.o(i.HAL_TIMEx_HallSensor_Start_IT) refers to stm32f2xx_hal_tim.o(i.TIM_CCxChannelCmd) for TIM_CCxChannelCmd
    stm32f2xx_hal_tim_ex.o(i.HAL_TIMEx_HallSensor_Stop) refers to stm32f2xx_hal_tim.o(i.TIM_CCxChannelCmd) for TIM_CCxChannelCmd
    stm32f2xx_hal_tim_ex.o(i.HAL_TIMEx_HallSensor_Stop_DMA) refers to stm32f2xx_hal_tim.o(i.TIM_CCxChannelCmd) for TIM_CCxChannelCmd
    stm32f2xx_hal_tim_ex.o(i.HAL_TIMEx_HallSensor_Stop_DMA) refers to stm32f2xx_hal_dma.o(i.HAL_DMA_Abort_IT) for HAL_DMA_Abort_IT
    stm32f2xx_hal_tim_ex.o(i.HAL_TIMEx_HallSensor_Stop_IT) refers to stm32f2xx_hal_tim.o(i.TIM_CCxChannelCmd) for TIM_CCxChannelCmd
    stm32f2xx_hal_tim_ex.o(i.HAL_TIMEx_OCN_Start) refers to stm32f2xx_hal_tim_ex.o(i.TIM_CCxNChannelCmd) for TIM_CCxNChannelCmd
    stm32f2xx_hal_tim_ex.o(i.HAL_TIMEx_OCN_Start_DMA) refers to stm32f2xx_hal_dma.o(i.HAL_DMA_Start_IT) for HAL_DMA_Start_IT
    stm32f2xx_hal_tim_ex.o(i.HAL_TIMEx_OCN_Start_DMA) refers to stm32f2xx_hal_tim_ex.o(i.TIM_CCxNChannelCmd) for TIM_CCxNChannelCmd
    stm32f2xx_hal_tim_ex.o(i.HAL_TIMEx_OCN_Start_DMA) refers to stm32f2xx_hal_tim_ex.o(i.TIM_DMADelayPulseNCplt) for TIM_DMADelayPulseNCplt
    stm32f2xx_hal_tim_ex.o(i.HAL_TIMEx_OCN_Start_DMA) refers to stm32f2xx_hal_tim.o(i.TIM_DMADelayPulseHalfCplt) for TIM_DMADelayPulseHalfCplt
    stm32f2xx_hal_tim_ex.o(i.HAL_TIMEx_OCN_Start_DMA) refers to stm32f2xx_hal_tim_ex.o(i.TIM_DMAErrorCCxN) for TIM_DMAErrorCCxN
    stm32f2xx_hal_tim_ex.o(i.HAL_TIMEx_OCN_Start_IT) refers to stm32f2xx_hal_tim_ex.o(i.TIM_CCxNChannelCmd) for TIM_CCxNChannelCmd
    stm32f2xx_hal_tim_ex.o(i.HAL_TIMEx_OCN_Stop) refers to stm32f2xx_hal_tim_ex.o(i.TIM_CCxNChannelCmd) for TIM_CCxNChannelCmd
    stm32f2xx_hal_tim_ex.o(i.HAL_TIMEx_OCN_Stop_DMA) refers to stm32f2xx_hal_dma.o(i.HAL_DMA_Abort_IT) for HAL_DMA_Abort_IT
    stm32f2xx_hal_tim_ex.o(i.HAL_TIMEx_OCN_Stop_DMA) refers to stm32f2xx_hal_tim_ex.o(i.TIM_CCxNChannelCmd) for TIM_CCxNChannelCmd
    stm32f2xx_hal_tim_ex.o(i.HAL_TIMEx_OCN_Stop_IT) refers to stm32f2xx_hal_tim_ex.o(i.TIM_CCxNChannelCmd) for TIM_CCxNChannelCmd
    stm32f2xx_hal_tim_ex.o(i.HAL_TIMEx_OnePulseN_Start) refers to stm32f2xx_hal_tim_ex.o(i.TIM_CCxNChannelCmd) for TIM_CCxNChannelCmd
    stm32f2xx_hal_tim_ex.o(i.HAL_TIMEx_OnePulseN_Start) refers to stm32f2xx_hal_tim.o(i.TIM_CCxChannelCmd) for TIM_CCxChannelCmd
    stm32f2xx_hal_tim_ex.o(i.HAL_TIMEx_OnePulseN_Start_IT) refers to stm32f2xx_hal_tim_ex.o(i.TIM_CCxNChannelCmd) for TIM_CCxNChannelCmd
    stm32f2xx_hal_tim_ex.o(i.HAL_TIMEx_OnePulseN_Start_IT) refers to stm32f2xx_hal_tim.o(i.TIM_CCxChannelCmd) for TIM_CCxChannelCmd
    stm32f2xx_hal_tim_ex.o(i.HAL_TIMEx_OnePulseN_Stop) refers to stm32f2xx_hal_tim_ex.o(i.TIM_CCxNChannelCmd) for TIM_CCxNChannelCmd
    stm32f2xx_hal_tim_ex.o(i.HAL_TIMEx_OnePulseN_Stop) refers to stm32f2xx_hal_tim.o(i.TIM_CCxChannelCmd) for TIM_CCxChannelCmd
    stm32f2xx_hal_tim_ex.o(i.HAL_TIMEx_OnePulseN_Stop_IT) refers to stm32f2xx_hal_tim_ex.o(i.TIM_CCxNChannelCmd) for TIM_CCxNChannelCmd
    stm32f2xx_hal_tim_ex.o(i.HAL_TIMEx_OnePulseN_Stop_IT) refers to stm32f2xx_hal_tim.o(i.TIM_CCxChannelCmd) for TIM_CCxChannelCmd
    stm32f2xx_hal_tim_ex.o(i.HAL_TIMEx_PWMN_Start) refers to stm32f2xx_hal_tim_ex.o(i.TIM_CCxNChannelCmd) for TIM_CCxNChannelCmd
    stm32f2xx_hal_tim_ex.o(i.HAL_TIMEx_PWMN_Start_DMA) refers to stm32f2xx_hal_dma.o(i.HAL_DMA_Start_IT) for HAL_DMA_Start_IT
    stm32f2xx_hal_tim_ex.o(i.HAL_TIMEx_PWMN_Start_DMA) refers to stm32f2xx_hal_tim_ex.o(i.TIM_CCxNChannelCmd) for TIM_CCxNChannelCmd
    stm32f2xx_hal_tim_ex.o(i.HAL_TIMEx_PWMN_Start_DMA) refers to stm32f2xx_hal_tim_ex.o(i.TIM_DMADelayPulseNCplt) for TIM_DMADelayPulseNCplt
    stm32f2xx_hal_tim_ex.o(i.HAL_TIMEx_PWMN_Start_DMA) refers to stm32f2xx_hal_tim.o(i.TIM_DMADelayPulseHalfCplt) for TIM_DMADelayPulseHalfCplt
    stm32f2xx_hal_tim_ex.o(i.HAL_TIMEx_PWMN_Start_DMA) refers to stm32f2xx_hal_tim_ex.o(i.TIM_DMAErrorCCxN) for TIM_DMAErrorCCxN
    stm32f2xx_hal_tim_ex.o(i.HAL_TIMEx_PWMN_Start_IT) refers to stm32f2xx_hal_tim_ex.o(i.TIM_CCxNChannelCmd) for TIM_CCxNChannelCmd
    stm32f2xx_hal_tim_ex.o(i.HAL_TIMEx_PWMN_Stop) refers to stm32f2xx_hal_tim_ex.o(i.TIM_CCxNChannelCmd) for TIM_CCxNChannelCmd
    stm32f2xx_hal_tim_ex.o(i.HAL_TIMEx_PWMN_Stop_DMA) refers to stm32f2xx_hal_dma.o(i.HAL_DMA_Abort_IT) for HAL_DMA_Abort_IT
    stm32f2xx_hal_tim_ex.o(i.HAL_TIMEx_PWMN_Stop_DMA) refers to stm32f2xx_hal_tim_ex.o(i.TIM_CCxNChannelCmd) for TIM_CCxNChannelCmd
    stm32f2xx_hal_tim_ex.o(i.HAL_TIMEx_PWMN_Stop_IT) refers to stm32f2xx_hal_tim_ex.o(i.TIM_CCxNChannelCmd) for TIM_CCxNChannelCmd
    stm32f2xx_hal_tim_ex.o(i.TIMEx_DMACommutationCplt) refers to stm32f2xx_hal_tim_ex.o(i.HAL_TIMEx_CommutCallback) for HAL_TIMEx_CommutCallback
    stm32f2xx_hal_tim_ex.o(i.TIMEx_DMACommutationHalfCplt) refers to stm32f2xx_hal_tim_ex.o(i.HAL_TIMEx_CommutHalfCpltCallback) for HAL_TIMEx_CommutHalfCpltCallback
    stm32f2xx_hal_tim_ex.o(i.TIM_DMADelayPulseNCplt) refers to stm32f2xx_hal_tim.o(i.HAL_TIM_PWM_PulseFinishedCallback) for HAL_TIM_PWM_PulseFinishedCallback
    stm32f2xx_hal_tim_ex.o(i.TIM_DMAErrorCCxN) refers to stm32f2xx_hal_tim.o(i.HAL_TIM_ErrorCallback) for HAL_TIM_ErrorCallback
    stm32f2xx_hal.o(i.HAL_DeInit) refers to stm32f2xx_hal.o(i.HAL_MspDeInit) for HAL_MspDeInit
    stm32f2xx_hal.o(i.HAL_Delay) refers to stm32f2xx_hal.o(i.HAL_GetTick) for HAL_GetTick
    stm32f2xx_hal.o(i.HAL_Delay) refers to stm32f2xx_hal.o(.data) for uwTickFreq
    stm32f2xx_hal.o(i.HAL_GetTick) refers to stm32f2xx_hal.o(.data) for uwTick
    stm32f2xx_hal.o(i.HAL_GetTickFreq) refers to stm32f2xx_hal.o(.data) for uwTickFreq
    stm32f2xx_hal.o(i.HAL_GetTickPrio) refers to stm32f2xx_hal.o(.data) for uwTickPrio
    stm32f2xx_hal.o(i.HAL_IncTick) refers to stm32f2xx_hal.o(.data) for uwTick
    stm32f2xx_hal.o(i.HAL_Init) refers to stm32f2xx_hal_cortex.o(i.HAL_NVIC_SetPriorityGrouping) for HAL_NVIC_SetPriorityGrouping
    stm32f2xx_hal.o(i.HAL_Init) refers to stm32f2xx_hal.o(i.HAL_InitTick) for HAL_InitTick
    stm32f2xx_hal.o(i.HAL_Init) refers to stm32f2xx_hal_msp.o(i.HAL_MspInit) for HAL_MspInit
    stm32f2xx_hal.o(i.HAL_InitTick) refers to stm32f2xx_hal_cortex.o(i.HAL_SYSTICK_Config) for HAL_SYSTICK_Config
    stm32f2xx_hal.o(i.HAL_InitTick) refers to stm32f2xx_hal_cortex.o(i.HAL_NVIC_SetPriority) for HAL_NVIC_SetPriority
    stm32f2xx_hal.o(i.HAL_InitTick) refers to stm32f2xx_hal.o(.data) for uwTickFreq
    stm32f2xx_hal.o(i.HAL_InitTick) refers to system_stm32f2xx.o(.data) for SystemCoreClock
    stm32f2xx_hal.o(i.HAL_SetTickFreq) refers to stm32f2xx_hal.o(i.HAL_InitTick) for HAL_InitTick
    stm32f2xx_hal.o(i.HAL_SetTickFreq) refers to stm32f2xx_hal.o(.data) for uwTickFreq
    stm32f2xx_hal_rcc.o(i.HAL_RCC_ClockConfig) refers to stm32f2xx_hal.o(i.HAL_GetTick) for HAL_GetTick
    stm32f2xx_hal_rcc.o(i.HAL_RCC_ClockConfig) refers to stm32f2xx_hal_rcc.o(i.HAL_RCC_GetSysClockFreq) for HAL_RCC_GetSysClockFreq
    stm32f2xx_hal_rcc.o(i.HAL_RCC_ClockConfig) refers to stm32f2xx_hal.o(i.HAL_InitTick) for HAL_InitTick
    stm32f2xx_hal_rcc.o(i.HAL_RCC_ClockConfig) refers to system_stm32f2xx.o(.constdata) for AHBPrescTable
    stm32f2xx_hal_rcc.o(i.HAL_RCC_ClockConfig) refers to system_stm32f2xx.o(.data) for SystemCoreClock
    stm32f2xx_hal_rcc.o(i.HAL_RCC_ClockConfig) refers to stm32f2xx_hal.o(.data) for uwTickPrio
    stm32f2xx_hal_rcc.o(i.HAL_RCC_DeInit) refers to stm32f2xx_hal.o(i.HAL_GetTick) for HAL_GetTick
    stm32f2xx_hal_rcc.o(i.HAL_RCC_DeInit) refers to stm32f2xx_hal.o(i.HAL_InitTick) for HAL_InitTick
    stm32f2xx_hal_rcc.o(i.HAL_RCC_DeInit) refers to system_stm32f2xx.o(.data) for SystemCoreClock
    stm32f2xx_hal_rcc.o(i.HAL_RCC_DeInit) refers to stm32f2xx_hal.o(.data) for uwTickPrio
    stm32f2xx_hal_rcc.o(i.HAL_RCC_GetHCLKFreq) refers to system_stm32f2xx.o(.data) for SystemCoreClock
    stm32f2xx_hal_rcc.o(i.HAL_RCC_GetPCLK1Freq) refers to stm32f2xx_hal_rcc.o(i.HAL_RCC_GetHCLKFreq) for HAL_RCC_GetHCLKFreq
    stm32f2xx_hal_rcc.o(i.HAL_RCC_GetPCLK1Freq) refers to system_stm32f2xx.o(.constdata) for APBPrescTable
    stm32f2xx_hal_rcc.o(i.HAL_RCC_GetPCLK2Freq) refers to stm32f2xx_hal_rcc.o(i.HAL_RCC_GetHCLKFreq) for HAL_RCC_GetHCLKFreq
    stm32f2xx_hal_rcc.o(i.HAL_RCC_GetPCLK2Freq) refers to system_stm32f2xx.o(.constdata) for APBPrescTable
    stm32f2xx_hal_rcc.o(i.HAL_RCC_GetSysClockFreq) refers to lludivv7m.o(.text) for __aeabi_uldivmod
    stm32f2xx_hal_rcc.o(i.HAL_RCC_MCOConfig) refers to stm32f2xx_hal_gpio.o(i.HAL_GPIO_Init) for HAL_GPIO_Init
    stm32f2xx_hal_rcc.o(i.HAL_RCC_NMI_IRQHandler) refers to stm32f2xx_hal_rcc.o(i.HAL_RCC_CSSCallback) for HAL_RCC_CSSCallback
    stm32f2xx_hal_rcc.o(i.HAL_RCC_OscConfig) refers to stm32f2xx_hal.o(i.HAL_GetTick) for HAL_GetTick
    stm32f2xx_hal_rcc_ex.o(i.HAL_RCCEx_DisablePLLI2S) refers to stm32f2xx_hal.o(i.HAL_GetTick) for HAL_GetTick
    stm32f2xx_hal_rcc_ex.o(i.HAL_RCCEx_EnablePLLI2S) refers to stm32f2xx_hal.o(i.HAL_GetTick) for HAL_GetTick
    stm32f2xx_hal_rcc_ex.o(i.HAL_RCCEx_PeriphCLKConfig) refers to stm32f2xx_hal.o(i.HAL_GetTick) for HAL_GetTick
    stm32f2xx_hal_cortex.o(i.HAL_NVIC_GetPriorityGrouping) refers to stm32f2xx_hal_cortex.o(i.__NVIC_GetPriorityGrouping) for __NVIC_GetPriorityGrouping
    stm32f2xx_hal_cortex.o(i.HAL_NVIC_SetPriority) refers to stm32f2xx_hal_cortex.o(i.__NVIC_GetPriorityGrouping) for __NVIC_GetPriorityGrouping
    stm32f2xx_hal_cortex.o(i.HAL_NVIC_SetPriority) refers to stm32f2xx_hal_cortex.o(i.__NVIC_SetPriority) for __NVIC_SetPriority
    stm32f2xx_hal_cortex.o(i.HAL_SYSTICK_Config) refers to stm32f2xx_hal_cortex.o(i.__NVIC_SetPriority) for __NVIC_SetPriority
    stm32f2xx_hal_cortex.o(i.HAL_SYSTICK_IRQHandler) refers to stm32f2xx_hal_cortex.o(i.HAL_SYSTICK_Callback) for HAL_SYSTICK_Callback
    stm32f2xx_hal_flash.o(i.FLASH_SetErrorCode) refers to stm32f2xx_hal_flash.o(.bss) for pFlash
    stm32f2xx_hal_flash.o(i.FLASH_WaitForLastOperation) refers to stm32f2xx_hal.o(i.HAL_GetTick) for HAL_GetTick
    stm32f2xx_hal_flash.o(i.FLASH_WaitForLastOperation) refers to stm32f2xx_hal_flash.o(i.FLASH_SetErrorCode) for FLASH_SetErrorCode
    stm32f2xx_hal_flash.o(i.FLASH_WaitForLastOperation) refers to stm32f2xx_hal_flash.o(.bss) for pFlash
    stm32f2xx_hal_flash.o(i.HAL_FLASH_GetError) refers to stm32f2xx_hal_flash.o(.bss) for pFlash
    stm32f2xx_hal_flash.o(i.HAL_FLASH_IRQHandler) refers to stm32f2xx_hal_flash.o(i.FLASH_SetErrorCode) for FLASH_SetErrorCode
    stm32f2xx_hal_flash.o(i.HAL_FLASH_IRQHandler) refers to stm32f2xx_hal_flash.o(i.HAL_FLASH_OperationErrorCallback) for HAL_FLASH_OperationErrorCallback
    stm32f2xx_hal_flash.o(i.HAL_FLASH_IRQHandler) refers to stm32f2xx_hal_flash.o(i.HAL_FLASH_EndOfOperationCallback) for HAL_FLASH_EndOfOperationCallback
    stm32f2xx_hal_flash.o(i.HAL_FLASH_IRQHandler) refers to stm32f2xx_hal_flash_ex.o(i.FLASH_Erase_Sector) for FLASH_Erase_Sector
    stm32f2xx_hal_flash.o(i.HAL_FLASH_IRQHandler) refers to stm32f2xx_hal_flash_ex.o(i.FLASH_FlushCaches) for FLASH_FlushCaches
    stm32f2xx_hal_flash.o(i.HAL_FLASH_IRQHandler) refers to stm32f2xx_hal_flash.o(.bss) for pFlash
    stm32f2xx_hal_flash.o(i.HAL_FLASH_OB_Launch) refers to stm32f2xx_hal_flash.o(i.FLASH_WaitForLastOperation) for FLASH_WaitForLastOperation
    stm32f2xx_hal_flash.o(i.HAL_FLASH_Program) refers to stm32f2xx_hal_flash.o(i.FLASH_WaitForLastOperation) for FLASH_WaitForLastOperation
    stm32f2xx_hal_flash.o(i.HAL_FLASH_Program) refers to stm32f2xx_hal_flash.o(i.FLASH_Program_Byte) for FLASH_Program_Byte
    stm32f2xx_hal_flash.o(i.HAL_FLASH_Program) refers to stm32f2xx_hal_flash.o(i.FLASH_Program_HalfWord) for FLASH_Program_HalfWord
    stm32f2xx_hal_flash.o(i.HAL_FLASH_Program) refers to stm32f2xx_hal_flash.o(i.FLASH_Program_Word) for FLASH_Program_Word
    stm32f2xx_hal_flash.o(i.HAL_FLASH_Program) refers to stm32f2xx_hal_flash.o(i.FLASH_Program_DoubleWord) for FLASH_Program_DoubleWord
    stm32f2xx_hal_flash.o(i.HAL_FLASH_Program) refers to stm32f2xx_hal_flash.o(.bss) for pFlash
    stm32f2xx_hal_flash.o(i.HAL_FLASH_Program_IT) refers to stm32f2xx_hal_flash.o(i.FLASH_Program_Byte) for FLASH_Program_Byte
    stm32f2xx_hal_flash.o(i.HAL_FLASH_Program_IT) refers to stm32f2xx_hal_flash.o(i.FLASH_Program_HalfWord) for FLASH_Program_HalfWord
    stm32f2xx_hal_flash.o(i.HAL_FLASH_Program_IT) refers to stm32f2xx_hal_flash.o(i.FLASH_Program_Word) for FLASH_Program_Word
    stm32f2xx_hal_flash.o(i.HAL_FLASH_Program_IT) refers to stm32f2xx_hal_flash.o(i.FLASH_Program_DoubleWord) for FLASH_Program_DoubleWord
    stm32f2xx_hal_flash.o(i.HAL_FLASH_Program_IT) refers to stm32f2xx_hal_flash.o(.bss) for pFlash
    stm32f2xx_hal_flash_ex.o(i.FLASH_OB_DisableWRP) refers to stm32f2xx_hal_flash.o(i.FLASH_WaitForLastOperation) for FLASH_WaitForLastOperation
    stm32f2xx_hal_flash_ex.o(i.FLASH_OB_EnableWRP) refers to stm32f2xx_hal_flash.o(i.FLASH_WaitForLastOperation) for FLASH_WaitForLastOperation
    stm32f2xx_hal_flash_ex.o(i.FLASH_OB_RDP_LevelConfig) refers to stm32f2xx_hal_flash.o(i.FLASH_WaitForLastOperation) for FLASH_WaitForLastOperation
    stm32f2xx_hal_flash_ex.o(i.FLASH_OB_UserConfig) refers to stm32f2xx_hal_flash.o(i.FLASH_WaitForLastOperation) for FLASH_WaitForLastOperation
    stm32f2xx_hal_flash_ex.o(i.HAL_FLASHEx_Erase) refers to stm32f2xx_hal_flash.o(i.FLASH_WaitForLastOperation) for FLASH_WaitForLastOperation
    stm32f2xx_hal_flash_ex.o(i.HAL_FLASHEx_Erase) refers to stm32f2xx_hal_flash_ex.o(i.FLASH_MassErase) for FLASH_MassErase
    stm32f2xx_hal_flash_ex.o(i.HAL_FLASHEx_Erase) refers to stm32f2xx_hal_flash_ex.o(i.FLASH_Erase_Sector) for FLASH_Erase_Sector
    stm32f2xx_hal_flash_ex.o(i.HAL_FLASHEx_Erase) refers to stm32f2xx_hal_flash_ex.o(i.FLASH_FlushCaches) for FLASH_FlushCaches
    stm32f2xx_hal_flash_ex.o(i.HAL_FLASHEx_Erase) refers to stm32f2xx_hal_flash.o(.bss) for pFlash
    stm32f2xx_hal_flash_ex.o(i.HAL_FLASHEx_Erase_IT) refers to stm32f2xx_hal_flash_ex.o(i.FLASH_MassErase) for FLASH_MassErase
    stm32f2xx_hal_flash_ex.o(i.HAL_FLASHEx_Erase_IT) refers to stm32f2xx_hal_flash_ex.o(i.FLASH_Erase_Sector) for FLASH_Erase_Sector
    stm32f2xx_hal_flash_ex.o(i.HAL_FLASHEx_Erase_IT) refers to stm32f2xx_hal_flash.o(.bss) for pFlash
    stm32f2xx_hal_flash_ex.o(i.HAL_FLASHEx_OBGetConfig) refers to stm32f2xx_hal_flash_ex.o(i.FLASH_OB_GetWRP) for FLASH_OB_GetWRP
    stm32f2xx_hal_flash_ex.o(i.HAL_FLASHEx_OBGetConfig) refers to stm32f2xx_hal_flash_ex.o(i.FLASH_OB_GetRDP) for FLASH_OB_GetRDP
    stm32f2xx_hal_flash_ex.o(i.HAL_FLASHEx_OBGetConfig) refers to stm32f2xx_hal_flash_ex.o(i.FLASH_OB_GetUser) for FLASH_OB_GetUser
    stm32f2xx_hal_flash_ex.o(i.HAL_FLASHEx_OBGetConfig) refers to stm32f2xx_hal_flash_ex.o(i.FLASH_OB_GetBOR) for FLASH_OB_GetBOR
    stm32f2xx_hal_flash_ex.o(i.HAL_FLASHEx_OBProgram) refers to stm32f2xx_hal_flash_ex.o(i.FLASH_OB_EnableWRP) for FLASH_OB_EnableWRP
    stm32f2xx_hal_flash_ex.o(i.HAL_FLASHEx_OBProgram) refers to stm32f2xx_hal_flash_ex.o(i.FLASH_OB_DisableWRP) for FLASH_OB_DisableWRP
    stm32f2xx_hal_flash_ex.o(i.HAL_FLASHEx_OBProgram) refers to stm32f2xx_hal_flash_ex.o(i.FLASH_OB_RDP_LevelConfig) for FLASH_OB_RDP_LevelConfig
    stm32f2xx_hal_flash_ex.o(i.HAL_FLASHEx_OBProgram) refers to stm32f2xx_hal_flash_ex.o(i.FLASH_OB_UserConfig) for FLASH_OB_UserConfig
    stm32f2xx_hal_flash_ex.o(i.HAL_FLASHEx_OBProgram) refers to stm32f2xx_hal_flash_ex.o(i.FLASH_OB_BOR_LevelConfig) for FLASH_OB_BOR_LevelConfig
    stm32f2xx_hal_flash_ex.o(i.HAL_FLASHEx_OBProgram) refers to stm32f2xx_hal_flash.o(.bss) for pFlash
    stm32f2xx_hal_pwr.o(i.HAL_PWR_PVD_IRQHandler) refers to stm32f2xx_hal_pwr.o(i.HAL_PWR_PVDCallback) for HAL_PWR_PVDCallback
    stm32f2xx_hal_pwr_ex.o(i.HAL_PWREx_DisableBkUpReg) refers to stm32f2xx_hal.o(i.HAL_GetTick) for HAL_GetTick
    stm32f2xx_hal_pwr_ex.o(i.HAL_PWREx_EnableBkUpReg) refers to stm32f2xx_hal.o(i.HAL_GetTick) for HAL_GetTick
    stm32f2xx_hal_gpio.o(i.HAL_GPIO_EXTI_IRQHandler) refers to stm32f2xx_hal_gpio.o(i.HAL_GPIO_EXTI_Callback) for HAL_GPIO_EXTI_Callback
    stm32f2xx_hal_dma.o(i.DMA_CalcBaseAndBitshift) refers to stm32f2xx_hal_dma.o(.constdata) for flagBitshiftOffset
    stm32f2xx_hal_dma.o(i.HAL_DMA_Abort) refers to stm32f2xx_hal.o(i.HAL_GetTick) for HAL_GetTick
    stm32f2xx_hal_dma.o(i.HAL_DMA_DeInit) refers to stm32f2xx_hal_dma.o(i.DMA_CalcBaseAndBitshift) for DMA_CalcBaseAndBitshift
    stm32f2xx_hal_dma.o(i.HAL_DMA_IRQHandler) refers to system_stm32f2xx.o(.data) for SystemCoreClock
    stm32f2xx_hal_dma.o(i.HAL_DMA_Init) refers to stm32f2xx_hal.o(i.HAL_GetTick) for HAL_GetTick
    stm32f2xx_hal_dma.o(i.HAL_DMA_Init) refers to stm32f2xx_hal_dma.o(i.DMA_CheckFifoParam) for DMA_CheckFifoParam
    stm32f2xx_hal_dma.o(i.HAL_DMA_Init) refers to stm32f2xx_hal_dma.o(i.DMA_CalcBaseAndBitshift) for DMA_CalcBaseAndBitshift
    stm32f2xx_hal_dma.o(i.HAL_DMA_PollForTransfer) refers to stm32f2xx_hal.o(i.HAL_GetTick) for HAL_GetTick
    stm32f2xx_hal_dma.o(i.HAL_DMA_PollForTransfer) refers to stm32f2xx_hal_dma.o(i.HAL_DMA_Abort) for HAL_DMA_Abort
    stm32f2xx_hal_dma.o(i.HAL_DMA_Start) refers to stm32f2xx_hal_dma.o(i.DMA_SetConfig) for DMA_SetConfig
    stm32f2xx_hal_dma.o(i.HAL_DMA_Start_IT) refers to stm32f2xx_hal_dma.o(i.DMA_SetConfig) for DMA_SetConfig
    stm32f2xx_hal_dma_ex.o(i.HAL_DMAEx_MultiBufferStart) refers to stm32f2xx_hal_dma_ex.o(i.DMA_MultiBufferSetConfig) for DMA_MultiBufferSetConfig
    stm32f2xx_hal_dma_ex.o(i.HAL_DMAEx_MultiBufferStart_IT) refers to stm32f2xx_hal_dma_ex.o(i.DMA_MultiBufferSetConfig) for DMA_MultiBufferSetConfig
    stm32f2xx_hal_uart.o(i.HAL_HalfDuplex_Init) refers to usart.o(i.HAL_UART_MspInit) for HAL_UART_MspInit
    stm32f2xx_hal_uart.o(i.HAL_HalfDuplex_Init) refers to stm32f2xx_hal_uart.o(i.UART_SetConfig) for UART_SetConfig
    stm32f2xx_hal_uart.o(i.HAL_LIN_Init) refers to usart.o(i.HAL_UART_MspInit) for HAL_UART_MspInit
    stm32f2xx_hal_uart.o(i.HAL_LIN_Init) refers to stm32f2xx_hal_uart.o(i.UART_SetConfig) for UART_SetConfig
    stm32f2xx_hal_uart.o(i.HAL_MultiProcessor_Init) refers to usart.o(i.HAL_UART_MspInit) for HAL_UART_MspInit
    stm32f2xx_hal_uart.o(i.HAL_MultiProcessor_Init) refers to stm32f2xx_hal_uart.o(i.UART_SetConfig) for UART_SetConfig
    stm32f2xx_hal_uart.o(i.HAL_UARTEx_ReceiveToIdle) refers to stm32f2xx_hal.o(i.HAL_GetTick) for HAL_GetTick
    stm32f2xx_hal_uart.o(i.HAL_UARTEx_ReceiveToIdle_DMA) refers to stm32f2xx_hal_uart.o(i.UART_Start_Receive_DMA) for UART_Start_Receive_DMA
    stm32f2xx_hal_uart.o(i.HAL_UARTEx_ReceiveToIdle_IT) refers to stm32f2xx_hal_uart.o(i.UART_Start_Receive_IT) for UART_Start_Receive_IT
    stm32f2xx_hal_uart.o(i.HAL_UART_Abort) refers to stm32f2xx_hal_dma.o(i.HAL_DMA_Abort) for HAL_DMA_Abort
    stm32f2xx_hal_uart.o(i.HAL_UART_Abort) refers to stm32f2xx_hal_dma.o(i.HAL_DMA_GetError) for HAL_DMA_GetError
    stm32f2xx_hal_uart.o(i.HAL_UART_AbortReceive) refers to stm32f2xx_hal_dma.o(i.HAL_DMA_Abort) for HAL_DMA_Abort
    stm32f2xx_hal_uart.o(i.HAL_UART_AbortReceive) refers to stm32f2xx_hal_dma.o(i.HAL_DMA_GetError) for HAL_DMA_GetError
    stm32f2xx_hal_uart.o(i.HAL_UART_AbortReceive_IT) refers to stm32f2xx_hal_dma.o(i.HAL_DMA_Abort_IT) for HAL_DMA_Abort_IT
    stm32f2xx_hal_uart.o(i.HAL_UART_AbortReceive_IT) refers to stm32f2xx_hal_uart.o(i.HAL_UART_AbortReceiveCpltCallback) for HAL_UART_AbortReceiveCpltCallback
    stm32f2xx_hal_uart.o(i.HAL_UART_AbortReceive_IT) refers to stm32f2xx_hal_uart.o(i.UART_DMARxOnlyAbortCallback) for UART_DMARxOnlyAbortCallback
    stm32f2xx_hal_uart.o(i.HAL_UART_AbortTransmit) refers to stm32f2xx_hal_dma.o(i.HAL_DMA_Abort) for HAL_DMA_Abort
    stm32f2xx_hal_uart.o(i.HAL_UART_AbortTransmit) refers to stm32f2xx_hal_dma.o(i.HAL_DMA_GetError) for HAL_DMA_GetError
    stm32f2xx_hal_uart.o(i.HAL_UART_AbortTransmit_IT) refers to stm32f2xx_hal_dma.o(i.HAL_DMA_Abort_IT) for HAL_DMA_Abort_IT
    stm32f2xx_hal_uart.o(i.HAL_UART_AbortTransmit_IT) refers to stm32f2xx_hal_uart.o(i.HAL_UART_AbortTransmitCpltCallback) for HAL_UART_AbortTransmitCpltCallback
    stm32f2xx_hal_uart.o(i.HAL_UART_AbortTransmit_IT) refers to stm32f2xx_hal_uart.o(i.UART_DMATxOnlyAbortCallback) for UART_DMATxOnlyAbortCallback
    stm32f2xx_hal_uart.o(i.HAL_UART_Abort_IT) refers to stm32f2xx_hal_dma.o(i.HAL_DMA_Abort_IT) for HAL_DMA_Abort_IT
    stm32f2xx_hal_uart.o(i.HAL_UART_Abort_IT) refers to stm32f2xx_hal_uart.o(i.HAL_UART_AbortCpltCallback) for HAL_UART_AbortCpltCallback
    stm32f2xx_hal_uart.o(i.HAL_UART_Abort_IT) refers to stm32f2xx_hal_uart.o(i.UART_DMATxAbortCallback) for UART_DMATxAbortCallback
    stm32f2xx_hal_uart.o(i.HAL_UART_Abort_IT) refers to stm32f2xx_hal_uart.o(i.UART_DMARxAbortCallback) for UART_DMARxAbortCallback
    stm32f2xx_hal_uart.o(i.HAL_UART_DMAStop) refers to stm32f2xx_hal_dma.o(i.HAL_DMA_Abort) for HAL_DMA_Abort
    stm32f2xx_hal_uart.o(i.HAL_UART_DMAStop) refers to stm32f2xx_hal_uart.o(i.UART_EndTxTransfer) for UART_EndTxTransfer
    stm32f2xx_hal_uart.o(i.HAL_UART_DMAStop) refers to stm32f2xx_hal_uart.o(i.UART_EndRxTransfer) for UART_EndRxTransfer
    stm32f2xx_hal_uart.o(i.HAL_UART_DeInit) refers to usart.o(i.HAL_UART_MspDeInit) for HAL_UART_MspDeInit
    stm32f2xx_hal_uart.o(i.HAL_UART_IRQHandler) refers to stm32f2xx_hal_uart.o(i.UART_Receive_IT) for UART_Receive_IT
    stm32f2xx_hal_uart.o(i.HAL_UART_IRQHandler) refers to stm32f2xx_hal_uart.o(i.UART_EndRxTransfer) for UART_EndRxTransfer
    stm32f2xx_hal_uart.o(i.HAL_UART_IRQHandler) refers to stm32f2xx_hal_dma.o(i.HAL_DMA_Abort_IT) for HAL_DMA_Abort_IT
    stm32f2xx_hal_uart.o(i.HAL_UART_IRQHandler) refers to stm32f2xx_hal_uart.o(i.HAL_UART_ErrorCallback) for HAL_UART_ErrorCallback
    stm32f2xx_hal_uart.o(i.HAL_UART_IRQHandler) refers to stm32f2xx_hal_dma.o(i.HAL_DMA_Abort) for HAL_DMA_Abort
    stm32f2xx_hal_uart.o(i.HAL_UART_IRQHandler) refers to stm32f2xx_hal_uart.o(i.HAL_UARTEx_RxEventCallback) for HAL_UARTEx_RxEventCallback
    stm32f2xx_hal_uart.o(i.HAL_UART_IRQHandler) refers to stm32f2xx_hal_uart.o(i.UART_Transmit_IT) for UART_Transmit_IT
    stm32f2xx_hal_uart.o(i.HAL_UART_IRQHandler) refers to stm32f2xx_hal_uart.o(i.UART_EndTransmit_IT) for UART_EndTransmit_IT
    stm32f2xx_hal_uart.o(i.HAL_UART_IRQHandler) refers to stm32f2xx_hal_uart.o(i.UART_DMAAbortOnError) for UART_DMAAbortOnError
    stm32f2xx_hal_uart.o(i.HAL_UART_Init) refers to usart.o(i.HAL_UART_MspInit) for HAL_UART_MspInit
    stm32f2xx_hal_uart.o(i.HAL_UART_Init) refers to stm32f2xx_hal_uart.o(i.UART_SetConfig) for UART_SetConfig
    stm32f2xx_hal_uart.o(i.HAL_UART_Receive) refers to stm32f2xx_hal.o(i.HAL_GetTick) for HAL_GetTick
    stm32f2xx_hal_uart.o(i.HAL_UART_Receive) refers to stm32f2xx_hal_uart.o(i.UART_WaitOnFlagUntilTimeout) for UART_WaitOnFlagUntilTimeout
    stm32f2xx_hal_uart.o(i.HAL_UART_Receive_DMA) refers to stm32f2xx_hal_uart.o(i.UART_Start_Receive_DMA) for UART_Start_Receive_DMA
    stm32f2xx_hal_uart.o(i.HAL_UART_Receive_IT) refers to stm32f2xx_hal_uart.o(i.UART_Start_Receive_IT) for UART_Start_Receive_IT
    stm32f2xx_hal_uart.o(i.HAL_UART_Transmit) refers to stm32f2xx_hal.o(i.HAL_GetTick) for HAL_GetTick
    stm32f2xx_hal_uart.o(i.HAL_UART_Transmit) refers to stm32f2xx_hal_uart.o(i.UART_WaitOnFlagUntilTimeout) for UART_WaitOnFlagUntilTimeout
    stm32f2xx_hal_uart.o(i.HAL_UART_Transmit_DMA) refers to stm32f2xx_hal_dma.o(i.HAL_DMA_Start_IT) for HAL_DMA_Start_IT
    stm32f2xx_hal_uart.o(i.HAL_UART_Transmit_DMA) refers to stm32f2xx_hal_uart.o(i.UART_DMATransmitCplt) for UART_DMATransmitCplt
    stm32f2xx_hal_uart.o(i.HAL_UART_Transmit_DMA) refers to stm32f2xx_hal_uart.o(i.UART_DMATxHalfCplt) for UART_DMATxHalfCplt
    stm32f2xx_hal_uart.o(i.HAL_UART_Transmit_DMA) refers to stm32f2xx_hal_uart.o(i.UART_DMAError) for UART_DMAError
    stm32f2xx_hal_uart.o(i.UART_DMAAbortOnError) refers to stm32f2xx_hal_uart.o(i.HAL_UART_ErrorCallback) for HAL_UART_ErrorCallback
    stm32f2xx_hal_uart.o(i.UART_DMAError) refers to stm32f2xx_hal_uart.o(i.UART_EndTxTransfer) for UART_EndTxTransfer
    stm32f2xx_hal_uart.o(i.UART_DMAError) refers to stm32f2xx_hal_uart.o(i.UART_EndRxTransfer) for UART_EndRxTransfer
    stm32f2xx_hal_uart.o(i.UART_DMAError) refers to stm32f2xx_hal_uart.o(i.HAL_UART_ErrorCallback) for HAL_UART_ErrorCallback
    stm32f2xx_hal_uart.o(i.UART_DMAReceiveCplt) refers to stm32f2xx_hal_uart.o(i.HAL_UARTEx_RxEventCallback) for HAL_UARTEx_RxEventCallback
    stm32f2xx_hal_uart.o(i.UART_DMAReceiveCplt) refers to portserial.o(i.HAL_UART_RxCpltCallback) for HAL_UART_RxCpltCallback
    stm32f2xx_hal_uart.o(i.UART_DMARxAbortCallback) refers to stm32f2xx_hal_uart.o(i.HAL_UART_AbortCpltCallback) for HAL_UART_AbortCpltCallback
    stm32f2xx_hal_uart.o(i.UART_DMARxHalfCplt) refers to stm32f2xx_hal_uart.o(i.HAL_UARTEx_RxEventCallback) for HAL_UARTEx_RxEventCallback
    stm32f2xx_hal_uart.o(i.UART_DMARxHalfCplt) refers to stm32f2xx_hal_uart.o(i.HAL_UART_RxHalfCpltCallback) for HAL_UART_RxHalfCpltCallback
    stm32f2xx_hal_uart.o(i.UART_DMARxOnlyAbortCallback) refers to stm32f2xx_hal_uart.o(i.HAL_UART_AbortReceiveCpltCallback) for HAL_UART_AbortReceiveCpltCallback
    stm32f2xx_hal_uart.o(i.UART_DMATransmitCplt) refers to portserial.o(i.HAL_UART_TxCpltCallback) for HAL_UART_TxCpltCallback
    stm32f2xx_hal_uart.o(i.UART_DMATxAbortCallback) refers to stm32f2xx_hal_uart.o(i.HAL_UART_AbortCpltCallback) for HAL_UART_AbortCpltCallback
    stm32f2xx_hal_uart.o(i.UART_DMATxHalfCplt) refers to stm32f2xx_hal_uart.o(i.HAL_UART_TxHalfCpltCallback) for HAL_UART_TxHalfCpltCallback
    stm32f2xx_hal_uart.o(i.UART_DMATxOnlyAbortCallback) refers to stm32f2xx_hal_uart.o(i.HAL_UART_AbortTransmitCpltCallback) for HAL_UART_AbortTransmitCpltCallback
    stm32f2xx_hal_uart.o(i.UART_EndTransmit_IT) refers to portserial.o(i.HAL_UART_TxCpltCallback) for HAL_UART_TxCpltCallback
    stm32f2xx_hal_uart.o(i.UART_Receive_IT) refers to stm32f2xx_hal_uart.o(i.HAL_UARTEx_RxEventCallback) for HAL_UARTEx_RxEventCallback
    stm32f2xx_hal_uart.o(i.UART_Receive_IT) refers to portserial.o(i.HAL_UART_RxCpltCallback) for HAL_UART_RxCpltCallback
    stm32f2xx_hal_uart.o(i.UART_SetConfig) refers to stm32f2xx_hal_rcc.o(i.HAL_RCC_GetPCLK2Freq) for HAL_RCC_GetPCLK2Freq
    stm32f2xx_hal_uart.o(i.UART_SetConfig) refers to stm32f2xx_hal_rcc.o(i.HAL_RCC_GetPCLK1Freq) for HAL_RCC_GetPCLK1Freq
    stm32f2xx_hal_uart.o(i.UART_Start_Receive_DMA) refers to stm32f2xx_hal_dma.o(i.HAL_DMA_Start_IT) for HAL_DMA_Start_IT
    stm32f2xx_hal_uart.o(i.UART_Start_Receive_DMA) refers to stm32f2xx_hal_uart.o(i.UART_DMAReceiveCplt) for UART_DMAReceiveCplt
    stm32f2xx_hal_uart.o(i.UART_Start_Receive_DMA) refers to stm32f2xx_hal_uart.o(i.UART_DMARxHalfCplt) for UART_DMARxHalfCplt
    stm32f2xx_hal_uart.o(i.UART_Start_Receive_DMA) refers to stm32f2xx_hal_uart.o(i.UART_DMAError) for UART_DMAError
    stm32f2xx_hal_uart.o(i.UART_WaitOnFlagUntilTimeout) refers to stm32f2xx_hal.o(i.HAL_GetTick) for HAL_GetTick
    system_stm32f2xx.o(i.SystemCoreClockUpdate) refers to system_stm32f2xx.o(.data) for SystemCoreClock
    system_stm32f2xx.o(i.SystemCoreClockUpdate) refers to system_stm32f2xx.o(.constdata) for AHBPrescTable
    mb.o(i.eMBClose) refers to mb.o(.data) for eMBState
    mb.o(i.eMBDisable) refers to mb.o(.data) for eMBState
    mb.o(i.eMBEnable) refers to mb.o(.data) for eMBState
    mb.o(i.eMBInit) refers to mbrtu.o(i.eMBRTUInit) for eMBRTUInit
    mb.o(i.eMBInit) refers to portevent.o(i.xMBPortEventInit) for xMBPortEventInit
    mb.o(i.eMBInit) refers to mb.o(.data) for ucMBAddress
    mb.o(i.eMBInit) refers to mbrtu.o(i.eMBRTUStart) for eMBRTUStart
    mb.o(i.eMBInit) refers to mbrtu.o(i.eMBRTUStop) for eMBRTUStop
    mb.o(i.eMBInit) refers to mbrtu.o(i.eMBRTUSend) for eMBRTUSend
    mb.o(i.eMBInit) refers to mbrtu.o(i.eMBRTUReceive) for eMBRTUReceive
    mb.o(i.eMBInit) refers to mbrtu.o(i.xMBRTUReceiveFSM) for xMBRTUReceiveFSM
    mb.o(i.eMBInit) refers to mbrtu.o(i.xMBRTUTransmitFSM) for xMBRTUTransmitFSM
    mb.o(i.eMBInit) refers to mbrtu.o(i.xMBRTUTimerT35Expired) for xMBRTUTimerT35Expired
    mb.o(i.eMBPoll) refers to portevent.o(i.xMBPortEventGet) for xMBPortEventGet
    mb.o(i.eMBPoll) refers to portevent.o(i.xMBPortEventPost) for xMBPortEventPost
    mb.o(i.eMBPoll) refers to mb.o(.data) for eMBState
    mb.o(i.eMBRegisterCB) refers to mt_port.o(i.EnterCriticalSection) for EnterCriticalSection
    mb.o(i.eMBRegisterCB) refers to mt_port.o(i.ExitCriticalSection) for ExitCriticalSection
    mb.o(i.eMBRegisterCB) refers to mb.o(.data) for xFuncHandlers
    mb.o(.data) refers to mbfuncother.o(i.eMBFuncReportSlaveID) for eMBFuncReportSlaveID
    mb.o(.data) refers to mbfuncinput.o(i.eMBFuncReadInputRegister) for eMBFuncReadInputRegister
    mb.o(.data) refers to mbfuncholding.o(i.eMBFuncReadHoldingRegister) for eMBFuncReadHoldingRegister
    mb.o(.data) refers to mbfuncholding.o(i.eMBFuncWriteMultipleHoldingRegister) for eMBFuncWriteMultipleHoldingRegister
    mb.o(.data) refers to mbfuncholding.o(i.eMBFuncWriteHoldingRegister) for eMBFuncWriteHoldingRegister
    mb.o(.data) refers to mbfuncholding.o(i.eMBFuncReadWriteMultipleHoldingRegister) for eMBFuncReadWriteMultipleHoldingRegister
    mb.o(.data) refers to mbfunccoils.o(i.eMBFuncReadCoils) for eMBFuncReadCoils
    mb.o(.data) refers to mbfunccoils.o(i.eMBFuncWriteCoil) for eMBFuncWriteCoil
    mb.o(.data) refers to mbfunccoils.o(i.eMBFuncWriteMultipleCoils) for eMBFuncWriteMultipleCoils
    mb.o(.data) refers to mbfuncdisc.o(i.eMBFuncReadDiscreteInputs) for eMBFuncReadDiscreteInputs
    mbcrc.o(i.usMBCRC16) refers to mbcrc.o(.constdata) for aucCRCHi
    mbrtu.o(i.eMBRTUInit) refers to mt_port.o(i.EnterCriticalSection) for EnterCriticalSection
    mbrtu.o(i.eMBRTUInit) refers to portserial.o(i.xMBPortSerialInit) for xMBPortSerialInit
    mbrtu.o(i.eMBRTUInit) refers to porttimer.o(i.xMBPortTimersInit) for xMBPortTimersInit
    mbrtu.o(i.eMBRTUInit) refers to mt_port.o(i.ExitCriticalSection) for ExitCriticalSection
    mbrtu.o(i.eMBRTUReceive) refers to mt_port.o(i.EnterCriticalSection) for EnterCriticalSection
    mbrtu.o(i.eMBRTUReceive) refers to assert.o(.text) for __aeabi_assert
    mbrtu.o(i.eMBRTUReceive) refers to mbcrc.o(i.usMBCRC16) for usMBCRC16
    mbrtu.o(i.eMBRTUReceive) refers to mt_port.o(i.ExitCriticalSection) for ExitCriticalSection
    mbrtu.o(i.eMBRTUReceive) refers to mbrtu.o(.data) for usRcvBufferPos
    mbrtu.o(i.eMBRTUReceive) refers to mbrtu.o(.bss) for ucRTUBuf
    mbrtu.o(i.eMBRTUSend) refers to mt_port.o(i.EnterCriticalSection) for EnterCriticalSection
    mbrtu.o(i.eMBRTUSend) refers to mbcrc.o(i.usMBCRC16) for usMBCRC16
    mbrtu.o(i.eMBRTUSend) refers to portserial.o(i.vMBPortSerialEnable) for vMBPortSerialEnable
    mbrtu.o(i.eMBRTUSend) refers to mt_port.o(i.ExitCriticalSection) for ExitCriticalSection
    mbrtu.o(i.eMBRTUSend) refers to mbrtu.o(.data) for eRcvState
    mbrtu.o(i.eMBRTUSend) refers to mbrtu.o(.bss) for ucRTUBuf
    mbrtu.o(i.eMBRTUStart) refers to mt_port.o(i.EnterCriticalSection) for EnterCriticalSection
    mbrtu.o(i.eMBRTUStart) refers to portserial.o(i.vMBPortSerialEnable) for vMBPortSerialEnable
    mbrtu.o(i.eMBRTUStart) refers to porttimer.o(i.vMBPortTimersEnable) for vMBPortTimersEnable
    mbrtu.o(i.eMBRTUStart) refers to mt_port.o(i.ExitCriticalSection) for ExitCriticalSection
    mbrtu.o(i.eMBRTUStart) refers to mbrtu.o(.data) for eRcvState
    mbrtu.o(i.eMBRTUStop) refers to mt_port.o(i.EnterCriticalSection) for EnterCriticalSection
    mbrtu.o(i.eMBRTUStop) refers to portserial.o(i.vMBPortSerialEnable) for vMBPortSerialEnable
    mbrtu.o(i.eMBRTUStop) refers to porttimer.o(i.vMBPortTimersDisable) for vMBPortTimersDisable
    mbrtu.o(i.eMBRTUStop) refers to mt_port.o(i.ExitCriticalSection) for ExitCriticalSection
    mbrtu.o(i.xMBRTUReceiveFSM) refers to assert.o(.text) for __aeabi_assert
    mbrtu.o(i.xMBRTUReceiveFSM) refers to portserial.o(i.xMBPortSerialGetByte) for xMBPortSerialGetByte
    mbrtu.o(i.xMBRTUReceiveFSM) refers to porttimer.o(i.vMBPortTimersEnable) for vMBPortTimersEnable
    mbrtu.o(i.xMBRTUReceiveFSM) refers to mbrtu.o(.data) for eSndState
    mbrtu.o(i.xMBRTUReceiveFSM) refers to mbrtu.o(.bss) for ucRTUBuf
    mbrtu.o(i.xMBRTUTimerT35Expired) refers to portevent.o(i.xMBPortEventPost) for xMBPortEventPost
    mbrtu.o(i.xMBRTUTimerT35Expired) refers to assert.o(.text) for __aeabi_assert
    mbrtu.o(i.xMBRTUTimerT35Expired) refers to porttimer.o(i.vMBPortTimersDisable) for vMBPortTimersDisable
    mbrtu.o(i.xMBRTUTimerT35Expired) refers to mbrtu.o(.data) for eRcvState
    mbrtu.o(i.xMBRTUTimerT35Expired) refers to mbrtu.o(.conststring) for .conststring
    mbrtu.o(i.xMBRTUTransmitFSM) refers to assert.o(.text) for __aeabi_assert
    mbrtu.o(i.xMBRTUTransmitFSM) refers to portserial.o(i.vMBPortSerialEnable) for vMBPortSerialEnable
    mbrtu.o(i.xMBRTUTransmitFSM) refers to portserial.o(i.xMBPortSerialPutByte) for xMBPortSerialPutByte
    mbrtu.o(i.xMBRTUTransmitFSM) refers to portevent.o(i.xMBPortEventPost) for xMBPortEventPost
    mbrtu.o(i.xMBRTUTransmitFSM) refers to mbrtu.o(.data) for eRcvState
    mt_port.o(i.EnterCriticalSection) refers to mt_port.o(.data) for lockCounter
    mt_port.o(i.ExitCriticalSection) refers to mt_port.o(.data) for lockCounter
    mt_port.o(i.MT_PORT_SetTimerModule) refers to mt_port.o(.data) for modbusTimer
    mt_port.o(i.MT_PORT_SetUartModule) refers to mt_port.o(.data) for modbusUart
    portevent.o(i.xMBPortEventGet) refers to portevent.o(.data) for xEventInQueue
    portevent.o(i.xMBPortEventInit) refers to portevent.o(.data) for xEventInQueue
    portevent.o(i.xMBPortEventPost) refers to portevent.o(.data) for xEventInQueue
    portserial.o(i.HAL_UART_RxCpltCallback) refers to portserial.o(i.prvvUARTRxISR) for prvvUARTRxISR
    portserial.o(i.HAL_UART_RxCpltCallback) refers to mt_port.o(.data) for modbusUart
    portserial.o(i.HAL_UART_TxCpltCallback) refers to portserial.o(i.prvvUARTTxReadyISR) for prvvUARTTxReadyISR
    portserial.o(i.HAL_UART_TxCpltCallback) refers to mt_port.o(.data) for modbusUart
    portserial.o(i.prvvUARTRxISR) refers to mb.o(.data) for pxMBFrameCBByteReceived
    portserial.o(i.prvvUARTTxReadyISR) refers to mb.o(.data) for pxMBFrameCBTransmitterEmpty
    portserial.o(i.vMBPortSerialEnable) refers to stm32f2xx_hal_uart.o(i.HAL_UART_AbortReceive_IT) for HAL_UART_AbortReceive_IT
    portserial.o(i.vMBPortSerialEnable) refers to stm32f2xx_hal_uart.o(i.HAL_UART_Receive_IT) for HAL_UART_Receive_IT
    portserial.o(i.vMBPortSerialEnable) refers to stm32f2xx_hal_uart.o(i.HAL_UART_AbortTransmit_IT) for HAL_UART_AbortTransmit_IT
    portserial.o(i.vMBPortSerialEnable) refers to portserial.o(i.prvvUARTTxReadyISR) for prvvUARTTxReadyISR
    portserial.o(i.vMBPortSerialEnable) refers to mt_port.o(.data) for modbusUart
    portserial.o(i.vMBPortSerialEnable) refers to portserial.o(.data) for rxByte
    portserial.o(i.xMBPortSerialGetByte) refers to stm32f2xx_hal_uart.o(i.HAL_UART_Receive_IT) for HAL_UART_Receive_IT
    portserial.o(i.xMBPortSerialGetByte) refers to portserial.o(.data) for rxByte
    portserial.o(i.xMBPortSerialGetByte) refers to mt_port.o(.data) for modbusUart
    portserial.o(i.xMBPortSerialPutByte) refers to stm32f2xx_hal_uart.o(i.HAL_UART_Transmit_IT) for HAL_UART_Transmit_IT
    portserial.o(i.xMBPortSerialPutByte) refers to portserial.o(.data) for txByte
    portserial.o(i.xMBPortSerialPutByte) refers to mt_port.o(.data) for modbusUart
    porttimer.o(i.HAL_TIM_PeriodElapsedCallback) refers to porttimer.o(i.prvvTIMERExpiredISR) for prvvTIMERExpiredISR
    porttimer.o(i.HAL_TIM_PeriodElapsedCallback) refers to mt_port.o(.data) for modbusTimer
    porttimer.o(i.HAL_TIM_PeriodElapsedCallback) refers to porttimer.o(.data) for timerCounter
    porttimer.o(i.prvvTIMERExpiredISR) refers to mb.o(.data) for pxMBPortCBTimerExpired
    porttimer.o(i.xMBPortTimersInit) refers to porttimer.o(.data) for timerPeriod
    mbfunccoils.o(i.eMBFuncReadCoils) refers to mbutils.o(i.prveMBError2Exception) for prveMBError2Exception
    mbfunccoils.o(i.eMBFuncWriteCoil) refers to mbutils.o(i.prveMBError2Exception) for prveMBError2Exception
    mbfunccoils.o(i.eMBFuncWriteMultipleCoils) refers to mbutils.o(i.prveMBError2Exception) for prveMBError2Exception
    mbfuncdisc.o(i.eMBFuncReadDiscreteInputs) refers to mbutils.o(i.prveMBError2Exception) for prveMBError2Exception
    mbfuncholding.o(i.eMBFuncReadHoldingRegister) refers to mbutils.o(i.prveMBError2Exception) for prveMBError2Exception
    mbfuncholding.o(i.eMBFuncReadWriteMultipleHoldingRegister) refers to mbutils.o(i.prveMBError2Exception) for prveMBError2Exception
    mbfuncholding.o(i.eMBFuncWriteHoldingRegister) refers to mbutils.o(i.prveMBError2Exception) for prveMBError2Exception
    mbfuncholding.o(i.eMBFuncWriteMultipleHoldingRegister) refers to mbutils.o(i.prveMBError2Exception) for prveMBError2Exception
    mbfuncinput.o(i.eMBFuncReadInputRegister) refers to mbutils.o(i.prveMBError2Exception) for prveMBError2Exception
    mbfuncother.o(i.eMBFuncReportSlaveID) refers to rt_memcpy_v6.o(.text) for __aeabi_memcpy
    mbfuncother.o(i.eMBFuncReportSlaveID) refers to mbfuncother.o(.data) for usMBSlaveIDLen
    mbfuncother.o(i.eMBFuncReportSlaveID) refers to mbfuncother.o(.bss) for ucMBSlaveID
    mbfuncother.o(i.eMBSetSlaveID) refers to rt_memcpy_v6.o(.text) for __aeabi_memcpy
    mbfuncother.o(i.eMBSetSlaveID) refers to mbfuncother.o(.data) for usMBSlaveIDLen
    mbfuncother.o(i.eMBSetSlaveID) refers to mbfuncother.o(.bss) for ucMBSlaveID
    mbutils.o(i.xMBUtilSetBits) refers to assert.o(.text) for __aeabi_assert
    assert.o(.text) refers to assert_puts.o(.text) for __assert_puts
    assert.o(.text) refers to abort.o(.text) for abort
    rt_memcpy_v6.o(.text) refers to rt_memcpy_w.o(.text) for __aeabi_memcpy4
    __main.o(!!!main) refers to __rtentry.o(.ARM.Collect$$rtentry$$00000000) for __rt_entry
    __rtentry.o(.ARM.Collect$$rtentry$$00000000) refers (Special) to __rtentry2.o(.ARM.Collect$$rtentry$$0000000A) for __rt_entry_li
    __rtentry.o(.ARM.Collect$$rtentry$$00000000) refers (Special) to __rtentry2.o(.ARM.Collect$$rtentry$$0000000D) for __rt_entry_main
    __rtentry.o(.ARM.Collect$$rtentry$$00000000) refers (Special) to __rtentry2.o(.ARM.Collect$$rtentry$$0000000C) for __rt_entry_postli_1
    __rtentry.o(.ARM.Collect$$rtentry$$00000000) refers (Special) to __rtentry2.o(.ARM.Collect$$rtentry$$00000009) for __rt_entry_postsh_1
    __rtentry.o(.ARM.Collect$$rtentry$$00000000) refers (Special) to __rtentry2.o(.ARM.Collect$$rtentry$$00000002) for __rt_entry_presh_1
    __rtentry.o(.ARM.Collect$$rtentry$$00000000) refers (Special) to __rtentry4.o(.ARM.Collect$$rtentry$$00000004) for __rt_entry_sh
    aeabi_ldiv0_sigfpe.o(.text) refers to rt_div0.o(.text) for __rt_div0
    abort.o(.text) refers to defsig_abrt_outer.o(.text) for __rt_SIGABRT
    abort.o(.text) refers (Weak) to libshutdown.o(.ARM.Collect$$libshutdown$$00000000) for __rt_lib_shutdown
    abort.o(.text) refers to sys_exit.o(.text) for _sys_exit
    assert_puts.o(.text) refers to sys_wrch.o(.text) for _ttywrch
    sys_wrch.o(.text) refers (Special) to use_no_semi.o(.text) for __I$use$semihosting
    sys_wrch.o(.text) refers (Special) to indicate_semi.o(.text) for __semihosting_library_function
    sys_exit.o(.text) refers (Special) to use_no_semi.o(.text) for __I$use$semihosting
    sys_exit.o(.text) refers (Special) to indicate_semi.o(.text) for __semihosting_library_function
    __rtentry2.o(.ARM.Collect$$rtentry$$00000008) refers to boardinit2.o(.text) for _platform_post_stackheap_init
    __rtentry2.o(.ARM.Collect$$rtentry$$0000000A) refers to libinit.o(.ARM.Collect$$libinit$$00000000) for __rt_lib_init
    __rtentry2.o(.ARM.Collect$$rtentry$$0000000B) refers to boardinit3.o(.text) for _platform_post_lib_init
    __rtentry2.o(.ARM.Collect$$rtentry$$0000000D) refers to main.o(i.main) for main
    __rtentry2.o(.ARM.Collect$$rtentry$$0000000D) refers to exit.o(.text) for exit
    __rtentry2.o(.ARM.exidx) refers to __rtentry2.o(.ARM.Collect$$rtentry$$00000001) for .ARM.Collect$$rtentry$$00000001
    __rtentry2.o(.ARM.exidx) refers to __rtentry2.o(.ARM.Collect$$rtentry$$00000008) for .ARM.Collect$$rtentry$$00000008
    __rtentry2.o(.ARM.exidx) refers to __rtentry2.o(.ARM.Collect$$rtentry$$0000000A) for .ARM.Collect$$rtentry$$0000000A
    __rtentry2.o(.ARM.exidx) refers to __rtentry2.o(.ARM.Collect$$rtentry$$0000000B) for .ARM.Collect$$rtentry$$0000000B
    __rtentry2.o(.ARM.exidx) refers to __rtentry2.o(.ARM.Collect$$rtentry$$0000000D) for .ARM.Collect$$rtentry$$0000000D
    __rtentry4.o(.ARM.Collect$$rtentry$$00000004) refers to sys_stackheap_outer.o(.text) for __user_setup_stackheap
    __rtentry4.o(.ARM.exidx) refers to __rtentry4.o(.ARM.Collect$$rtentry$$00000004) for .ARM.Collect$$rtentry$$00000004
    rt_div0.o(.text) refers to defsig_fpe_outer.o(.text) for __rt_SIGFPE
    defsig_abrt_outer.o(.text) refers to defsig_abrt_inner.o(.text) for __rt_SIGABRT_inner
    defsig_abrt_outer.o(.text) refers to defsig_exit.o(.text) for __sig_exit
    defsig_abrt_formal.o(.text) refers to rt_raise.o(.text) for __rt_raise
    sys_stackheap_outer.o(.text) refers to libspace.o(.text) for __user_perproc_libspace
    sys_stackheap_outer.o(.text) refers to startup_stm32f205xx.o(.text) for __user_initial_stackheap
    rt_raise.o(.text) refers to __raise.o(.text) for __raise
    rt_raise.o(.text) refers to sys_exit.o(.text) for _sys_exit
    exit.o(.text) refers to rtexit.o(.ARM.Collect$$rtexit$$00000000) for __rt_exit
    defsig_exit.o(.text) refers to sys_exit.o(.text) for _sys_exit
    defsig_abrt_inner.o(.text) refers to defsig_general.o(.text) for __default_signal_display
    defsig_fpe_outer.o(.text) refers to defsig_fpe_inner.o(.text) for __rt_SIGFPE_inner
    defsig_fpe_outer.o(.text) refers to defsig_exit.o(.text) for __sig_exit
    defsig_fpe_formal.o(.text) refers to rt_raise.o(.text) for __rt_raise
    libinit.o(.ARM.Collect$$libinit$$00000000) refers (Special) to libinit2.o(.ARM.Collect$$libinit$$0000002E) for __rt_lib_init_alloca_1
    libinit.o(.ARM.Collect$$libinit$$00000000) refers (Special) to libinit2.o(.ARM.Collect$$libinit$$0000002C) for __rt_lib_init_argv_1
    libinit.o(.ARM.Collect$$libinit$$00000000) refers (Special) to libinit2.o(.ARM.Collect$$libinit$$0000001B) for __rt_lib_init_atexit_1
    libinit.o(.ARM.Collect$$libinit$$00000000) refers (Special) to libinit2.o(.ARM.Collect$$libinit$$00000021) for __rt_lib_init_clock_1
    libinit.o(.ARM.Collect$$libinit$$00000000) refers (Special) to libinit2.o(.ARM.Collect$$libinit$$00000032) for __rt_lib_init_cpp_1
    libinit.o(.ARM.Collect$$libinit$$00000000) refers (Special) to libinit2.o(.ARM.Collect$$libinit$$00000030) for __rt_lib_init_exceptions_1
    libinit.o(.ARM.Collect$$libinit$$00000000) refers (Special) to libinit2.o(.ARM.Collect$$libinit$$00000002) for __rt_lib_init_fp_1
    libinit.o(.ARM.Collect$$libinit$$00000000) refers (Special) to libinit2.o(.ARM.Collect$$libinit$$0000001F) for __rt_lib_init_fp_trap_1
    libinit.o(.ARM.Collect$$libinit$$00000000) refers (Special) to libinit2.o(.ARM.Collect$$libinit$$00000023) for __rt_lib_init_getenv_1
    libinit.o(.ARM.Collect$$libinit$$00000000) refers (Special) to libinit2.o(.ARM.Collect$$libinit$$0000000A) for __rt_lib_init_heap_1
    libinit.o(.ARM.Collect$$libinit$$00000000) refers (Special) to libinit2.o(.ARM.Collect$$libinit$$00000011) for __rt_lib_init_lc_collate_1
    libinit.o(.ARM.Collect$$libinit$$00000000) refers (Special) to libinit2.o(.ARM.Collect$$libinit$$00000013) for __rt_lib_init_lc_ctype_1
    libinit.o(.ARM.Collect$$libinit$$00000000) refers (Special) to libinit2.o(.ARM.Collect$$libinit$$00000015) for __rt_lib_init_lc_monetary_1
    libinit.o(.ARM.Collect$$libinit$$00000000) refers (Special) to libinit2.o(.ARM.Collect$$libinit$$00000017) for __rt_lib_init_lc_numeric_1
    libinit.o(.ARM.Collect$$libinit$$00000000) refers (Special) to libinit2.o(.ARM.Collect$$libinit$$00000019) for __rt_lib_init_lc_time_1
    libinit.o(.ARM.Collect$$libinit$$00000000) refers (Special) to libinit2.o(.ARM.Collect$$libinit$$00000004) for __rt_lib_init_preinit_1
    libinit.o(.ARM.Collect$$libinit$$00000000) refers (Special) to libinit2.o(.ARM.Collect$$libinit$$0000000E) for __rt_lib_init_rand_1
    libinit.o(.ARM.Collect$$libinit$$00000000) refers (Special) to libinit2.o(.ARM.Collect$$libinit$$00000033) for __rt_lib_init_return
    libinit.o(.ARM.Collect$$libinit$$00000000) refers (Special) to libinit2.o(.ARM.Collect$$libinit$$0000001D) for __rt_lib_init_signal_1
    libinit.o(.ARM.Collect$$libinit$$00000000) refers (Special) to libinit2.o(.ARM.Collect$$libinit$$00000025) for __rt_lib_init_stdio_1
    libinit.o(.ARM.Collect$$libinit$$00000000) refers (Special) to libinit2.o(.ARM.Collect$$libinit$$0000000C) for __rt_lib_init_user_alloc_1
    libspace.o(.text) refers to libspace.o(.bss) for __libspace_start
    rtexit.o(.ARM.Collect$$rtexit$$00000000) refers (Special) to rtexit2.o(.ARM.Collect$$rtexit$$00000004) for __rt_exit_exit
    rtexit.o(.ARM.Collect$$rtexit$$00000000) refers (Special) to rtexit2.o(.ARM.Collect$$rtexit$$00000003) for __rt_exit_ls
    rtexit.o(.ARM.Collect$$rtexit$$00000000) refers (Special) to rtexit2.o(.ARM.Collect$$rtexit$$00000002) for __rt_exit_prels_1
    rtexit.o(.ARM.exidx) refers (Special) to rtexit2.o(.ARM.Collect$$rtexit$$00000004) for __rt_exit_exit
    rtexit.o(.ARM.exidx) refers (Special) to rtexit2.o(.ARM.Collect$$rtexit$$00000003) for __rt_exit_ls
    rtexit.o(.ARM.exidx) refers (Special) to rtexit2.o(.ARM.Collect$$rtexit$$00000002) for __rt_exit_prels_1
    rtexit.o(.ARM.exidx) refers to rtexit.o(.ARM.Collect$$rtexit$$00000000) for .ARM.Collect$$rtexit$$00000000
    __raise.o(.text) refers to defsig.o(CL$$defsig) for __default_signal_handler
    defsig_general.o(.text) refers to sys_wrch.o(.text) for _ttywrch
    defsig_fpe_inner.o(.text) refers to defsig_general.o(.text) for __default_signal_display
    libinit2.o(.ARM.Collect$$libinit$$00000010) refers to libinit2.o(.ARM.Collect$$libinit$$0000000F) for .ARM.Collect$$libinit$$0000000F
    libinit2.o(.ARM.Collect$$libinit$$00000012) refers to libinit2.o(.ARM.Collect$$libinit$$0000000F) for .ARM.Collect$$libinit$$0000000F
    libinit2.o(.ARM.Collect$$libinit$$00000014) refers to libinit2.o(.ARM.Collect$$libinit$$0000000F) for .ARM.Collect$$libinit$$0000000F
    libinit2.o(.ARM.Collect$$libinit$$00000016) refers to libinit2.o(.ARM.Collect$$libinit$$0000000F) for .ARM.Collect$$libinit$$0000000F
    libinit2.o(.ARM.Collect$$libinit$$00000018) refers to libinit2.o(.ARM.Collect$$libinit$$0000000F) for .ARM.Collect$$libinit$$0000000F
    libinit2.o(.ARM.Collect$$libinit$$00000026) refers to argv_veneer.o(.emb_text) for __ARM_argv_veneer
    libinit2.o(.ARM.Collect$$libinit$$00000027) refers to argv_veneer.o(.emb_text) for __ARM_argv_veneer
    rtexit2.o(.ARM.Collect$$rtexit$$00000003) refers to libshutdown.o(.ARM.Collect$$libshutdown$$00000000) for __rt_lib_shutdown
    rtexit2.o(.ARM.Collect$$rtexit$$00000004) refers to sys_exit.o(.text) for _sys_exit
    rtexit2.o(.ARM.exidx) refers to rtexit2.o(.ARM.Collect$$rtexit$$00000001) for .ARM.Collect$$rtexit$$00000001
    rtexit2.o(.ARM.exidx) refers to rtexit2.o(.ARM.Collect$$rtexit$$00000003) for .ARM.Collect$$rtexit$$00000003
    rtexit2.o(.ARM.exidx) refers to rtexit2.o(.ARM.Collect$$rtexit$$00000004) for .ARM.Collect$$rtexit$$00000004
    defsig.o(CL$$defsig) refers to defsig_abrt_inner.o(.text) for __rt_SIGABRT_inner
    defsig.o(CL$$defsig) refers to defsig_fpe_inner.o(.text) for __rt_SIGFPE_inner
    defsig.o(CL$$defsig) refers to defsig_rtmem_inner.o(.text) for __rt_SIGRTMEM_inner
    argv_veneer.o(.emb_text) refers to no_argv.o(.text) for __ARM_get_argv
    defsig_rtred_inner.o(.text) refers to defsig_general.o(.text) for __default_signal_display
    defsig_rtmem_inner.o(.text) refers to defsig_general.o(.text) for __default_signal_display
    defsig_stak_inner.o(.text) refers to defsig_general.o(.text) for __default_signal_display
    defsig_pvfn_inner.o(.text) refers to defsig_general.o(.text) for __default_signal_display
    defsig_cppl_inner.o(.text) refers to defsig_general.o(.text) for __default_signal_display
    defsig_segv_inner.o(.text) refers to defsig_general.o(.text) for __default_signal_display
    defsig_other.o(.text) refers to defsig_general.o(.text) for __default_signal_display
    _get_argv_nomalloc.o(.text) refers (Special) to hrguard.o(.text) for __heap_region$guard
    _get_argv_nomalloc.o(.text) refers to defsig_rtmem_outer.o(.text) for __rt_SIGRTMEM
    _get_argv_nomalloc.o(.text) refers to sys_command.o(.text) for _sys_command_string
    libshutdown.o(.ARM.Collect$$libshutdown$$00000000) refers (Special) to libshutdown2.o(.ARM.Collect$$libshutdown$$00000002) for __rt_lib_shutdown_cpp_1
    libshutdown.o(.ARM.Collect$$libshutdown$$00000000) refers (Special) to libshutdown2.o(.ARM.Collect$$libshutdown$$00000007) for __rt_lib_shutdown_fp_trap_1
    libshutdown.o(.ARM.Collect$$libshutdown$$00000000) refers (Special) to libshutdown2.o(.ARM.Collect$$libshutdown$$0000000F) for __rt_lib_shutdown_heap_1
    libshutdown.o(.ARM.Collect$$libshutdown$$00000000) refers (Special) to libshutdown2.o(.ARM.Collect$$libshutdown$$00000010) for __rt_lib_shutdown_return
    libshutdown.o(.ARM.Collect$$libshutdown$$00000000) refers (Special) to libshutdown2.o(.ARM.Collect$$libshutdown$$0000000A) for __rt_lib_shutdown_signal_1
    libshutdown.o(.ARM.Collect$$libshutdown$$00000000) refers (Special) to libshutdown2.o(.ARM.Collect$$libshutdown$$00000004) for __rt_lib_shutdown_stdio_1
    libshutdown.o(.ARM.Collect$$libshutdown$$00000000) refers (Special) to libshutdown2.o(.ARM.Collect$$libshutdown$$0000000C) for __rt_lib_shutdown_user_alloc_1
    sys_command.o(.text) refers (Special) to use_no_semi.o(.text) for __I$use$semihosting
    sys_command.o(.text) refers (Special) to indicate_semi.o(.text) for __semihosting_library_function
    defsig_rtmem_outer.o(.text) refers to defsig_rtmem_inner.o(.text) for __rt_SIGRTMEM_inner
    defsig_rtmem_outer.o(.text) refers to defsig_exit.o(.text) for __sig_exit
    defsig_rtmem_formal.o(.text) refers to rt_raise.o(.text) for __rt_raise
    porttimer.o(i.vMBPortTimersEnable) refers to stm32f2xx_hal_tim.o(i.HAL_TIM_Base_Start_IT) for HAL_TIM_Base_Start_IT
    porttimer.o(i.vMBPortTimersEnable) refers to porttimer.o(.data) for timerCounter
    porttimer.o(i.vMBPortTimersEnable) refers to mt_port.o(.data) for modbusTimer
    porttimer.o(i.vMBPortTimersDisable) refers to stm32f2xx_hal_tim.o(i.HAL_TIM_Base_Stop_IT) for HAL_TIM_Base_Stop_IT
    porttimer.o(i.vMBPortTimersDisable) refers to mt_port.o(.data) for modbusTimer


==============================================================================

Removing Unused input sections from the image.

    Removing main.o(.rev16_text), (4 bytes).
    Removing main.o(.revsh_text), (4 bytes).
    Removing main.o(.rrx_text), (6 bytes).
    Removing gpio.o(.rev16_text), (4 bytes).
    Removing gpio.o(.revsh_text), (4 bytes).
    Removing gpio.o(.rrx_text), (6 bytes).
    Removing tim.o(.rev16_text), (4 bytes).
    Removing tim.o(.revsh_text), (4 bytes).
    Removing tim.o(.rrx_text), (6 bytes).
    Removing tim.o(i.HAL_TIM_Base_MspDeInit), (40 bytes).
    Removing usart.o(.rev16_text), (4 bytes).
    Removing usart.o(.revsh_text), (4 bytes).
    Removing usart.o(.rrx_text), (6 bytes).
    Removing usart.o(i.HAL_UART_MspDeInit), (56 bytes).
    Removing stm32f2xx_it.o(.rev16_text), (4 bytes).
    Removing stm32f2xx_it.o(.revsh_text), (4 bytes).
    Removing stm32f2xx_it.o(.rrx_text), (6 bytes).
    Removing stm32f2xx_hal_msp.o(.rev16_text), (4 bytes).
    Removing stm32f2xx_hal_msp.o(.revsh_text), (4 bytes).
    Removing stm32f2xx_hal_msp.o(.rrx_text), (6 bytes).
    Removing stm32f2xx_hal_tim.o(.rev16_text), (4 bytes).
    Removing stm32f2xx_hal_tim.o(.revsh_text), (4 bytes).
    Removing stm32f2xx_hal_tim.o(.rrx_text), (6 bytes).
    Removing stm32f2xx_hal_tim.o(i.HAL_TIM_Base_DeInit), (120 bytes).
    Removing stm32f2xx_hal_tim.o(i.HAL_TIM_Base_GetState), (8 bytes).
    Removing stm32f2xx_hal_tim.o(i.HAL_TIM_Base_MspDeInit), (2 bytes).
    Removing stm32f2xx_hal_tim.o(i.HAL_TIM_Base_MspInit), (2 bytes).
    Removing stm32f2xx_hal_tim.o(i.HAL_TIM_Base_Start), (156 bytes).
    Removing stm32f2xx_hal_tim.o(i.HAL_TIM_Base_Start_DMA), (248 bytes).
    Removing stm32f2xx_hal_tim.o(i.HAL_TIM_Base_Start_IT), (168 bytes).
    Removing stm32f2xx_hal_tim.o(i.HAL_TIM_Base_Stop), (50 bytes).
    Removing stm32f2xx_hal_tim.o(i.HAL_TIM_Base_Stop_DMA), (70 bytes).
    Removing stm32f2xx_hal_tim.o(i.HAL_TIM_Base_Stop_IT), (62 bytes).
    Removing stm32f2xx_hal_tim.o(i.HAL_TIM_ConfigOCrefClear), (270 bytes).
    Removing stm32f2xx_hal_tim.o(i.HAL_TIM_ConfigTI1Input), (22 bytes).
    Removing stm32f2xx_hal_tim.o(i.HAL_TIM_DMABurstState), (8 bytes).
    Removing stm32f2xx_hal_tim.o(i.HAL_TIM_DMABurst_MultiReadStart), (460 bytes).
    Removing stm32f2xx_hal_tim.o(i.HAL_TIM_DMABurst_MultiWriteStart), (460 bytes).
    Removing stm32f2xx_hal_tim.o(i.HAL_TIM_DMABurst_ReadStart), (38 bytes).
    Removing stm32f2xx_hal_tim.o(i.HAL_TIM_DMABurst_ReadStop), (134 bytes).
    Removing stm32f2xx_hal_tim.o(i.HAL_TIM_DMABurst_WriteStart), (38 bytes).
    Removing stm32f2xx_hal_tim.o(i.HAL_TIM_DMABurst_WriteStop), (134 bytes).
    Removing stm32f2xx_hal_tim.o(i.HAL_TIM_Encoder_DeInit), (96 bytes).
    Removing stm32f2xx_hal_tim.o(i.HAL_TIM_Encoder_GetState), (8 bytes).
    Removing stm32f2xx_hal_tim.o(i.HAL_TIM_Encoder_Init), (200 bytes).
    Removing stm32f2xx_hal_tim.o(i.HAL_TIM_Encoder_MspDeInit), (2 bytes).
    Removing stm32f2xx_hal_tim.o(i.HAL_TIM_Encoder_MspInit), (2 bytes).
    Removing stm32f2xx_hal_tim.o(i.HAL_TIM_Encoder_Start), (204 bytes).
    Removing stm32f2xx_hal_tim.o(i.HAL_TIM_Encoder_Start_DMA), (564 bytes).
    Removing stm32f2xx_hal_tim.o(i.HAL_TIM_Encoder_Start_IT), (252 bytes).
    Removing stm32f2xx_hal_tim.o(i.HAL_TIM_Encoder_Stop), (214 bytes).
    Removing stm32f2xx_hal_tim.o(i.HAL_TIM_Encoder_Stop_DMA), (280 bytes).
    Removing stm32f2xx_hal_tim.o(i.HAL_TIM_Encoder_Stop_IT), (256 bytes).
    Removing stm32f2xx_hal_tim.o(i.HAL_TIM_ErrorCallback), (2 bytes).
    Removing stm32f2xx_hal_tim.o(i.HAL_TIM_GenerateEvent), (54 bytes).
    Removing stm32f2xx_hal_tim.o(i.HAL_TIM_GetActiveChannel), (6 bytes).
    Removing stm32f2xx_hal_tim.o(i.HAL_TIM_GetChannelState), (38 bytes).
    Removing stm32f2xx_hal_tim.o(i.HAL_TIM_IC_CaptureHalfCpltCallback), (2 bytes).
    Removing stm32f2xx_hal_tim.o(i.HAL_TIM_IC_ConfigChannel), (212 bytes).
    Removing stm32f2xx_hal_tim.o(i.HAL_TIM_IC_DeInit), (120 bytes).
    Removing stm32f2xx_hal_tim.o(i.HAL_TIM_IC_GetState), (8 bytes).
    Removing stm32f2xx_hal_tim.o(i.HAL_TIM_IC_Init), (102 bytes).
    Removing stm32f2xx_hal_tim.o(i.HAL_TIM_IC_MspDeInit), (2 bytes).
    Removing stm32f2xx_hal_tim.o(i.HAL_TIM_IC_MspInit), (2 bytes).
    Removing stm32f2xx_hal_tim.o(i.HAL_TIM_IC_Start), (316 bytes).
    Removing stm32f2xx_hal_tim.o(i.HAL_TIM_IC_Start_DMA), (600 bytes).
    Removing stm32f2xx_hal_tim.o(i.HAL_TIM_IC_Start_IT), (392 bytes).
    Removing stm32f2xx_hal_tim.o(i.HAL_TIM_IC_Stop), (138 bytes).
    Removing stm32f2xx_hal_tim.o(i.HAL_TIM_IC_Stop_DMA), (238 bytes).
    Removing stm32f2xx_hal_tim.o(i.HAL_TIM_IC_Stop_IT), (214 bytes).
    Removing stm32f2xx_hal_tim.o(i.HAL_TIM_OC_ConfigChannel), (104 bytes).
    Removing stm32f2xx_hal_tim.o(i.HAL_TIM_OC_DeInit), (120 bytes).
    Removing stm32f2xx_hal_tim.o(i.HAL_TIM_OC_GetState), (8 bytes).
    Removing stm32f2xx_hal_tim.o(i.HAL_TIM_OC_Init), (102 bytes).
    Removing stm32f2xx_hal_tim.o(i.HAL_TIM_OC_MspDeInit), (2 bytes).
    Removing stm32f2xx_hal_tim.o(i.HAL_TIM_OC_MspInit), (2 bytes).
    Removing stm32f2xx_hal_tim.o(i.HAL_TIM_OC_Start), (268 bytes).
    Removing stm32f2xx_hal_tim.o(i.HAL_TIM_OC_Start_DMA), (572 bytes).
    Removing stm32f2xx_hal_tim.o(i.HAL_TIM_OC_Start_IT), (344 bytes).
    Removing stm32f2xx_hal_tim.o(i.HAL_TIM_OC_Stop), (168 bytes).
    Removing stm32f2xx_hal_tim.o(i.HAL_TIM_OC_Stop_DMA), (268 bytes).
    Removing stm32f2xx_hal_tim.o(i.HAL_TIM_OC_Stop_IT), (244 bytes).
    Removing stm32f2xx_hal_tim.o(i.HAL_TIM_OnePulse_ConfigChannel), (286 bytes).
    Removing stm32f2xx_hal_tim.o(i.HAL_TIM_OnePulse_DeInit), (96 bytes).
    Removing stm32f2xx_hal_tim.o(i.HAL_TIM_OnePulse_GetState), (8 bytes).
    Removing stm32f2xx_hal_tim.o(i.HAL_TIM_OnePulse_Init), (102 bytes).
    Removing stm32f2xx_hal_tim.o(i.HAL_TIM_OnePulse_MspDeInit), (2 bytes).
    Removing stm32f2xx_hal_tim.o(i.HAL_TIM_OnePulse_MspInit), (2 bytes).
    Removing stm32f2xx_hal_tim.o(i.HAL_TIM_OnePulse_Start), (140 bytes).
    Removing stm32f2xx_hal_tim.o(i.HAL_TIM_OnePulse_Start_IT), (164 bytes).
    Removing stm32f2xx_hal_tim.o(i.HAL_TIM_OnePulse_Stop), (160 bytes).
    Removing stm32f2xx_hal_tim.o(i.HAL_TIM_OnePulse_Stop_IT), (184 bytes).
    Removing stm32f2xx_hal_tim.o(i.HAL_TIM_PWM_ConfigChannel), (252 bytes).
    Removing stm32f2xx_hal_tim.o(i.HAL_TIM_PWM_DeInit), (120 bytes).
    Removing stm32f2xx_hal_tim.o(i.HAL_TIM_PWM_GetState), (8 bytes).
    Removing stm32f2xx_hal_tim.o(i.HAL_TIM_PWM_Init), (102 bytes).
    Removing stm32f2xx_hal_tim.o(i.HAL_TIM_PWM_MspDeInit), (2 bytes).
    Removing stm32f2xx_hal_tim.o(i.HAL_TIM_PWM_MspInit), (2 bytes).
    Removing stm32f2xx_hal_tim.o(i.HAL_TIM_PWM_PulseFinishedHalfCpltCallback), (2 bytes).
    Removing stm32f2xx_hal_tim.o(i.HAL_TIM_PWM_Start), (268 bytes).
    Removing stm32f2xx_hal_tim.o(i.HAL_TIM_PWM_Start_DMA), (572 bytes).
    Removing stm32f2xx_hal_tim.o(i.HAL_TIM_PWM_Start_IT), (344 bytes).
    Removing stm32f2xx_hal_tim.o(i.HAL_TIM_PWM_Stop), (168 bytes).
    Removing stm32f2xx_hal_tim.o(i.HAL_TIM_PWM_Stop_DMA), (268 bytes).
    Removing stm32f2xx_hal_tim.o(i.HAL_TIM_PWM_Stop_IT), (244 bytes).
    Removing stm32f2xx_hal_tim.o(i.HAL_TIM_PeriodElapsedCallback), (2 bytes).
    Removing stm32f2xx_hal_tim.o(i.HAL_TIM_PeriodElapsedHalfCpltCallback), (2 bytes).
    Removing stm32f2xx_hal_tim.o(i.HAL_TIM_ReadCapturedValue), (50 bytes).
    Removing stm32f2xx_hal_tim.o(i.HAL_TIM_SlaveConfigSynchro), (108 bytes).
    Removing stm32f2xx_hal_tim.o(i.HAL_TIM_SlaveConfigSynchro_IT), (108 bytes).
    Removing stm32f2xx_hal_tim.o(i.HAL_TIM_TriggerHalfCpltCallback), (2 bytes).
    Removing stm32f2xx_hal_tim.o(i.TIM_CCxChannelCmd), (34 bytes).
    Removing stm32f2xx_hal_tim.o(i.TIM_DMACaptureCplt), (122 bytes).
    Removing stm32f2xx_hal_tim.o(i.TIM_DMACaptureHalfCplt), (64 bytes).
    Removing stm32f2xx_hal_tim.o(i.TIM_DMADelayPulseCplt), (104 bytes).
    Removing stm32f2xx_hal_tim.o(i.TIM_DMADelayPulseHalfCplt), (64 bytes).
    Removing stm32f2xx_hal_tim.o(i.TIM_DMAError), (94 bytes).
    Removing stm32f2xx_hal_tim.o(i.TIM_DMAPeriodElapsedCplt), (26 bytes).
    Removing stm32f2xx_hal_tim.o(i.TIM_DMAPeriodElapsedHalfCplt), (14 bytes).
    Removing stm32f2xx_hal_tim.o(i.TIM_DMATriggerCplt), (26 bytes).
    Removing stm32f2xx_hal_tim.o(i.TIM_DMATriggerHalfCplt), (14 bytes).
    Removing stm32f2xx_hal_tim.o(i.TIM_OC1_SetConfig), (112 bytes).
    Removing stm32f2xx_hal_tim.o(i.TIM_OC2_SetConfig), (124 bytes).
    Removing stm32f2xx_hal_tim.o(i.TIM_OC3_SetConfig), (120 bytes).
    Removing stm32f2xx_hal_tim.o(i.TIM_OC4_SetConfig), (84 bytes).
    Removing stm32f2xx_hal_tim.o(i.TIM_SlaveTimer_SetConfig), (170 bytes).
    Removing stm32f2xx_hal_tim.o(i.TIM_TI1_SetConfig), (144 bytes).
    Removing stm32f2xx_hal_tim.o(i.TIM_TI2_SetConfig), (58 bytes).
    Removing stm32f2xx_hal_tim.o(i.TIM_TI3_SetConfig), (56 bytes).
    Removing stm32f2xx_hal_tim.o(i.TIM_TI4_SetConfig), (60 bytes).
    Removing stm32f2xx_hal_tim_ex.o(.rev16_text), (4 bytes).
    Removing stm32f2xx_hal_tim_ex.o(.revsh_text), (4 bytes).
    Removing stm32f2xx_hal_tim_ex.o(.rrx_text), (6 bytes).
    Removing stm32f2xx_hal_tim_ex.o(i.HAL_TIMEx_CommutHalfCpltCallback), (2 bytes).
    Removing stm32f2xx_hal_tim_ex.o(i.HAL_TIMEx_ConfigBreakDeadTime), (116 bytes).
    Removing stm32f2xx_hal_tim_ex.o(i.HAL_TIMEx_ConfigCommutEvent), (134 bytes).
    Removing stm32f2xx_hal_tim_ex.o(i.HAL_TIMEx_ConfigCommutEvent_DMA), (164 bytes).
    Removing stm32f2xx_hal_tim_ex.o(i.HAL_TIMEx_ConfigCommutEvent_IT), (134 bytes).
    Removing stm32f2xx_hal_tim_ex.o(i.HAL_TIMEx_GetChannelNState), (38 bytes).
    Removing stm32f2xx_hal_tim_ex.o(i.HAL_TIMEx_HallSensor_DeInit), (96 bytes).
    Removing stm32f2xx_hal_tim_ex.o(i.HAL_TIMEx_HallSensor_GetState), (8 bytes).
    Removing stm32f2xx_hal_tim_ex.o(i.HAL_TIMEx_HallSensor_Init), (234 bytes).
    Removing stm32f2xx_hal_tim_ex.o(i.HAL_TIMEx_HallSensor_MspDeInit), (2 bytes).
    Removing stm32f2xx_hal_tim_ex.o(i.HAL_TIMEx_HallSensor_MspInit), (2 bytes).
    Removing stm32f2xx_hal_tim_ex.o(i.HAL_TIMEx_HallSensor_Start), (216 bytes).
    Removing stm32f2xx_hal_tim_ex.o(i.HAL_TIMEx_HallSensor_Start_DMA), (280 bytes).
    Removing stm32f2xx_hal_tim_ex.o(i.HAL_TIMEx_HallSensor_Start_IT), (228 bytes).
    Removing stm32f2xx_hal_tim_ex.o(i.HAL_TIMEx_HallSensor_Stop), (78 bytes).
    Removing stm32f2xx_hal_tim_ex.o(i.HAL_TIMEx_HallSensor_Stop_DMA), (84 bytes).
    Removing stm32f2xx_hal_tim_ex.o(i.HAL_TIMEx_HallSensor_Stop_IT), (90 bytes).
    Removing stm32f2xx_hal_tim_ex.o(i.HAL_TIMEx_OCN_Start), (244 bytes).
    Removing stm32f2xx_hal_tim_ex.o(i.HAL_TIMEx_OCN_Start_DMA), (488 bytes).
    Removing stm32f2xx_hal_tim_ex.o(i.HAL_TIMEx_OCN_Start_IT), (312 bytes).
    Removing stm32f2xx_hal_tim_ex.o(i.HAL_TIMEx_OCN_Stop), (136 bytes).
    Removing stm32f2xx_hal_tim_ex.o(i.HAL_TIMEx_OCN_Stop_DMA), (212 bytes).
    Removing stm32f2xx_hal_tim_ex.o(i.HAL_TIMEx_OCN_Stop_IT), (218 bytes).
    Removing stm32f2xx_hal_tim_ex.o(i.HAL_TIMEx_OnePulseN_Start), (118 bytes).
    Removing stm32f2xx_hal_tim_ex.o(i.HAL_TIMEx_OnePulseN_Start_IT), (142 bytes).
    Removing stm32f2xx_hal_tim_ex.o(i.HAL_TIMEx_OnePulseN_Stop), (138 bytes).
    Removing stm32f2xx_hal_tim_ex.o(i.HAL_TIMEx_OnePulseN_Stop_IT), (162 bytes).
    Removing stm32f2xx_hal_tim_ex.o(i.HAL_TIMEx_PWMN_Start), (244 bytes).
    Removing stm32f2xx_hal_tim_ex.o(i.HAL_TIMEx_PWMN_Start_DMA), (488 bytes).
    Removing stm32f2xx_hal_tim_ex.o(i.HAL_TIMEx_PWMN_Start_IT), (312 bytes).
    Removing stm32f2xx_hal_tim_ex.o(i.HAL_TIMEx_PWMN_Stop), (136 bytes).
    Removing stm32f2xx_hal_tim_ex.o(i.HAL_TIMEx_PWMN_Stop_DMA), (212 bytes).
    Removing stm32f2xx_hal_tim_ex.o(i.HAL_TIMEx_PWMN_Stop_IT), (218 bytes).
    Removing stm32f2xx_hal_tim_ex.o(i.HAL_TIMEx_RemapConfig), (42 bytes).
    Removing stm32f2xx_hal_tim_ex.o(i.TIMEx_DMACommutationCplt), (20 bytes).
    Removing stm32f2xx_hal_tim_ex.o(i.TIMEx_DMACommutationHalfCplt), (20 bytes).
    Removing stm32f2xx_hal_tim_ex.o(i.TIM_CCxNChannelCmd), (34 bytes).
    Removing stm32f2xx_hal_tim_ex.o(i.TIM_DMADelayPulseNCplt), (104 bytes).
    Removing stm32f2xx_hal_tim_ex.o(i.TIM_DMAErrorCCxN), (68 bytes).
    Removing stm32f2xx_hal.o(.rev16_text), (4 bytes).
    Removing stm32f2xx_hal.o(.revsh_text), (4 bytes).
    Removing stm32f2xx_hal.o(.rrx_text), (6 bytes).
    Removing stm32f2xx_hal.o(i.HAL_DBGMCU_DisableDBGSleepMode), (20 bytes).
    Removing stm32f2xx_hal.o(i.HAL_DBGMCU_DisableDBGStandbyMode), (20 bytes).
    Removing stm32f2xx_hal.o(i.HAL_DBGMCU_DisableDBGStopMode), (20 bytes).
    Removing stm32f2xx_hal.o(i.HAL_DBGMCU_EnableDBGSleepMode), (20 bytes).
    Removing stm32f2xx_hal.o(i.HAL_DBGMCU_EnableDBGStandbyMode), (20 bytes).
    Removing stm32f2xx_hal.o(i.HAL_DBGMCU_EnableDBGStopMode), (20 bytes).
    Removing stm32f2xx_hal.o(i.HAL_DeInit), (68 bytes).
    Removing stm32f2xx_hal.o(i.HAL_Delay), (40 bytes).
    Removing stm32f2xx_hal.o(i.HAL_DisableCompensationCell), (28 bytes).
    Removing stm32f2xx_hal.o(i.HAL_EnableCompensationCell), (28 bytes).
    Removing stm32f2xx_hal.o(i.HAL_GetDEVID), (16 bytes).
    Removing stm32f2xx_hal.o(i.HAL_GetHalVersion), (8 bytes).
    Removing stm32f2xx_hal.o(i.HAL_GetREVID), (12 bytes).
    Removing stm32f2xx_hal.o(i.HAL_GetTickFreq), (12 bytes).
    Removing stm32f2xx_hal.o(i.HAL_GetTickPrio), (12 bytes).
    Removing stm32f2xx_hal.o(i.HAL_GetUIDw0), (12 bytes).
    Removing stm32f2xx_hal.o(i.HAL_GetUIDw1), (12 bytes).
    Removing stm32f2xx_hal.o(i.HAL_GetUIDw2), (12 bytes).
    Removing stm32f2xx_hal.o(i.HAL_MspDeInit), (2 bytes).
    Removing stm32f2xx_hal.o(i.HAL_MspInit), (2 bytes).
    Removing stm32f2xx_hal.o(i.HAL_ResumeTick), (18 bytes).
    Removing stm32f2xx_hal.o(i.HAL_SetTickFreq), (48 bytes).
    Removing stm32f2xx_hal.o(i.HAL_SuspendTick), (18 bytes).
    Removing stm32f2xx_hal_rcc.o(.rev16_text), (4 bytes).
    Removing stm32f2xx_hal_rcc.o(.revsh_text), (4 bytes).
    Removing stm32f2xx_hal_rcc.o(.rrx_text), (6 bytes).
    Removing stm32f2xx_hal_rcc.o(i.HAL_RCC_CSSCallback), (2 bytes).
    Removing stm32f2xx_hal_rcc.o(i.HAL_RCC_DeInit), (328 bytes).
    Removing stm32f2xx_hal_rcc.o(i.HAL_RCC_DisableCSS), (12 bytes).
    Removing stm32f2xx_hal_rcc.o(i.HAL_RCC_EnableCSS), (12 bytes).
    Removing stm32f2xx_hal_rcc.o(i.HAL_RCC_GetClockConfig), (68 bytes).
    Removing stm32f2xx_hal_rcc.o(i.HAL_RCC_GetOscConfig), (292 bytes).
    Removing stm32f2xx_hal_rcc.o(i.HAL_RCC_MCOConfig), (192 bytes).
    Removing stm32f2xx_hal_rcc.o(i.HAL_RCC_NMI_IRQHandler), (32 bytes).
    Removing stm32f2xx_hal_rcc_ex.o(.rev16_text), (4 bytes).
    Removing stm32f2xx_hal_rcc_ex.o(.revsh_text), (4 bytes).
    Removing stm32f2xx_hal_rcc_ex.o(.rrx_text), (6 bytes).
    Removing stm32f2xx_hal_rcc_ex.o(i.HAL_RCCEx_DisablePLLI2S), (56 bytes).
    Removing stm32f2xx_hal_rcc_ex.o(i.HAL_RCCEx_EnablePLLI2S), (136 bytes).
    Removing stm32f2xx_hal_rcc_ex.o(i.HAL_RCCEx_GetPeriphCLKConfig), (80 bytes).
    Removing stm32f2xx_hal_rcc_ex.o(i.HAL_RCCEx_PeriphCLKConfig), (436 bytes).
    Removing stm32f2xx_hal_cortex.o(.rev16_text), (4 bytes).
    Removing stm32f2xx_hal_cortex.o(.revsh_text), (4 bytes).
    Removing stm32f2xx_hal_cortex.o(.rrx_text), (6 bytes).
    Removing stm32f2xx_hal_cortex.o(i.HAL_MPU_ConfigRegion), (92 bytes).
    Removing stm32f2xx_hal_cortex.o(i.HAL_MPU_Disable), (44 bytes).
    Removing stm32f2xx_hal_cortex.o(i.HAL_MPU_Enable), (64 bytes).
    Removing stm32f2xx_hal_cortex.o(i.HAL_NVIC_ClearPendingIRQ), (36 bytes).
    Removing stm32f2xx_hal_cortex.o(i.HAL_NVIC_DisableIRQ), (68 bytes).
    Removing stm32f2xx_hal_cortex.o(i.HAL_NVIC_GetActive), (48 bytes).
    Removing stm32f2xx_hal_cortex.o(i.HAL_NVIC_GetPendingIRQ), (48 bytes).
    Removing stm32f2xx_hal_cortex.o(i.HAL_NVIC_GetPriority), (148 bytes).
    Removing stm32f2xx_hal_cortex.o(i.HAL_NVIC_GetPriorityGrouping), (8 bytes).
    Removing stm32f2xx_hal_cortex.o(i.HAL_NVIC_SetPendingIRQ), (36 bytes).
    Removing stm32f2xx_hal_cortex.o(i.HAL_NVIC_SystemReset), (68 bytes).
    Removing stm32f2xx_hal_cortex.o(i.HAL_SYSTICK_CLKSourceConfig), (40 bytes).
    Removing stm32f2xx_hal_cortex.o(i.HAL_SYSTICK_Callback), (2 bytes).
    Removing stm32f2xx_hal_cortex.o(i.HAL_SYSTICK_IRQHandler), (8 bytes).
    Removing stm32f2xx_hal_flash.o(.rev16_text), (4 bytes).
    Removing stm32f2xx_hal_flash.o(.revsh_text), (4 bytes).
    Removing stm32f2xx_hal_flash.o(.rrx_text), (6 bytes).
    Removing stm32f2xx_hal_flash.o(i.FLASH_Program_Byte), (36 bytes).
    Removing stm32f2xx_hal_flash.o(i.FLASH_Program_DoubleWord), (60 bytes).
    Removing stm32f2xx_hal_flash.o(i.FLASH_Program_HalfWord), (40 bytes).
    Removing stm32f2xx_hal_flash.o(i.FLASH_Program_Word), (40 bytes).
    Removing stm32f2xx_hal_flash.o(i.FLASH_SetErrorCode), (152 bytes).
    Removing stm32f2xx_hal_flash.o(i.FLASH_WaitForLastOperation), (100 bytes).
    Removing stm32f2xx_hal_flash.o(i.HAL_FLASH_EndOfOperationCallback), (2 bytes).
    Removing stm32f2xx_hal_flash.o(i.HAL_FLASH_GetError), (12 bytes).
    Removing stm32f2xx_hal_flash.o(i.HAL_FLASH_IRQHandler), (272 bytes).
    Removing stm32f2xx_hal_flash.o(i.HAL_FLASH_Lock), (20 bytes).
    Removing stm32f2xx_hal_flash.o(i.HAL_FLASH_OB_Launch), (28 bytes).
    Removing stm32f2xx_hal_flash.o(i.HAL_FLASH_OB_Lock), (20 bytes).
    Removing stm32f2xx_hal_flash.o(i.HAL_FLASH_OB_Unlock), (44 bytes).
    Removing stm32f2xx_hal_flash.o(i.HAL_FLASH_OperationErrorCallback), (2 bytes).
    Removing stm32f2xx_hal_flash.o(i.HAL_FLASH_Program), (152 bytes).
    Removing stm32f2xx_hal_flash.o(i.HAL_FLASH_Program_IT), (136 bytes).
    Removing stm32f2xx_hal_flash.o(i.HAL_FLASH_Unlock), (52 bytes).
    Removing stm32f2xx_hal_flash.o(.bss), (32 bytes).
    Removing stm32f2xx_hal_flash_ex.o(.rev16_text), (4 bytes).
    Removing stm32f2xx_hal_flash_ex.o(.revsh_text), (4 bytes).
    Removing stm32f2xx_hal_flash_ex.o(.rrx_text), (6 bytes).
    Removing stm32f2xx_hal_flash_ex.o(i.FLASH_Erase_Sector), (104 bytes).
    Removing stm32f2xx_hal_flash_ex.o(i.FLASH_FlushCaches), (120 bytes).
    Removing stm32f2xx_hal_flash_ex.o(i.FLASH_MassErase), (48 bytes).
    Removing stm32f2xx_hal_flash_ex.o(i.FLASH_OB_BOR_LevelConfig), (32 bytes).
    Removing stm32f2xx_hal_flash_ex.o(i.FLASH_OB_DisableWRP), (40 bytes).
    Removing stm32f2xx_hal_flash_ex.o(i.FLASH_OB_EnableWRP), (40 bytes).
    Removing stm32f2xx_hal_flash_ex.o(i.FLASH_OB_GetBOR), (16 bytes).
    Removing stm32f2xx_hal_flash_ex.o(i.FLASH_OB_GetRDP), (36 bytes).
    Removing stm32f2xx_hal_flash_ex.o(i.FLASH_OB_GetUser), (16 bytes).
    Removing stm32f2xx_hal_flash_ex.o(i.FLASH_OB_GetWRP), (12 bytes).
    Removing stm32f2xx_hal_flash_ex.o(i.FLASH_OB_RDP_LevelConfig), (32 bytes).
    Removing stm32f2xx_hal_flash_ex.o(i.FLASH_OB_UserConfig), (60 bytes).
    Removing stm32f2xx_hal_flash_ex.o(i.HAL_FLASHEx_Erase), (172 bytes).
    Removing stm32f2xx_hal_flash_ex.o(i.HAL_FLASHEx_Erase_IT), (120 bytes).
    Removing stm32f2xx_hal_flash_ex.o(i.HAL_FLASHEx_OBGetConfig), (34 bytes).
    Removing stm32f2xx_hal_flash_ex.o(i.HAL_FLASHEx_OBProgram), (148 bytes).
    Removing stm32f2xx_hal_pwr.o(.rev16_text), (4 bytes).
    Removing stm32f2xx_hal_pwr.o(.revsh_text), (4 bytes).
    Removing stm32f2xx_hal_pwr.o(.rrx_text), (6 bytes).
    Removing stm32f2xx_hal_pwr.o(i.HAL_PWR_ConfigPVD), (180 bytes).
    Removing stm32f2xx_hal_pwr.o(i.HAL_PWR_DeInit), (28 bytes).
    Removing stm32f2xx_hal_pwr.o(i.HAL_PWR_DisableBkUpAccess), (28 bytes).
    Removing stm32f2xx_hal_pwr.o(i.HAL_PWR_DisablePVD), (24 bytes).
    Removing stm32f2xx_hal_pwr.o(i.HAL_PWR_DisableSEVOnPend), (20 bytes).
    Removing stm32f2xx_hal_pwr.o(i.HAL_PWR_DisableSleepOnExit), (20 bytes).
    Removing stm32f2xx_hal_pwr.o(i.HAL_PWR_DisableWakeUpPin), (16 bytes).
    Removing stm32f2xx_hal_pwr.o(i.HAL_PWR_EnableBkUpAccess), (24 bytes).
    Removing stm32f2xx_hal_pwr.o(i.HAL_PWR_EnablePVD), (24 bytes).
    Removing stm32f2xx_hal_pwr.o(i.HAL_PWR_EnableSEVOnPend), (20 bytes).
    Removing stm32f2xx_hal_pwr.o(i.HAL_PWR_EnableSleepOnExit), (20 bytes).
    Removing stm32f2xx_hal_pwr.o(i.HAL_PWR_EnableWakeUpPin), (16 bytes).
    Removing stm32f2xx_hal_pwr.o(i.HAL_PWR_EnterSLEEPMode), (32 bytes).
    Removing stm32f2xx_hal_pwr.o(i.HAL_PWR_EnterSTANDBYMode), (40 bytes).
    Removing stm32f2xx_hal_pwr.o(i.HAL_PWR_EnterSTOPMode), (64 bytes).
    Removing stm32f2xx_hal_pwr.o(i.HAL_PWR_PVDCallback), (2 bytes).
    Removing stm32f2xx_hal_pwr.o(i.HAL_PWR_PVD_IRQHandler), (32 bytes).
    Removing stm32f2xx_hal_pwr_ex.o(.rev16_text), (4 bytes).
    Removing stm32f2xx_hal_pwr_ex.o(.revsh_text), (4 bytes).
    Removing stm32f2xx_hal_pwr_ex.o(.rrx_text), (6 bytes).
    Removing stm32f2xx_hal_pwr_ex.o(i.HAL_PWREx_DisableBkUpReg), (76 bytes).
    Removing stm32f2xx_hal_pwr_ex.o(i.HAL_PWREx_DisableFlashPowerDown), (28 bytes).
    Removing stm32f2xx_hal_pwr_ex.o(i.HAL_PWREx_EnableBkUpReg), (76 bytes).
    Removing stm32f2xx_hal_pwr_ex.o(i.HAL_PWREx_EnableFlashPowerDown), (24 bytes).
    Removing stm32f2xx_hal_gpio.o(.rev16_text), (4 bytes).
    Removing stm32f2xx_hal_gpio.o(.revsh_text), (4 bytes).
    Removing stm32f2xx_hal_gpio.o(.rrx_text), (6 bytes).
    Removing stm32f2xx_hal_gpio.o(i.HAL_GPIO_DeInit), (348 bytes).
    Removing stm32f2xx_hal_gpio.o(i.HAL_GPIO_EXTI_Callback), (2 bytes).
    Removing stm32f2xx_hal_gpio.o(i.HAL_GPIO_EXTI_IRQHandler), (28 bytes).
    Removing stm32f2xx_hal_gpio.o(i.HAL_GPIO_LockPin), (46 bytes).
    Removing stm32f2xx_hal_gpio.o(i.HAL_GPIO_ReadPin), (16 bytes).
    Removing stm32f2xx_hal_gpio.o(i.HAL_GPIO_TogglePin), (20 bytes).
    Removing stm32f2xx_hal_gpio.o(i.HAL_GPIO_WritePin), (12 bytes).
    Removing stm32f2xx_hal_dma.o(.rev16_text), (4 bytes).
    Removing stm32f2xx_hal_dma.o(.revsh_text), (4 bytes).
    Removing stm32f2xx_hal_dma.o(.rrx_text), (6 bytes).
    Removing stm32f2xx_hal_dma.o(i.DMA_CalcBaseAndBitshift), (52 bytes).
    Removing stm32f2xx_hal_dma.o(i.DMA_CheckFifoParam), (170 bytes).
    Removing stm32f2xx_hal_dma.o(i.DMA_SetConfig), (44 bytes).
    Removing stm32f2xx_hal_dma.o(i.HAL_DMA_DeInit), (112 bytes).
    Removing stm32f2xx_hal_dma.o(i.HAL_DMA_GetError), (6 bytes).
    Removing stm32f2xx_hal_dma.o(i.HAL_DMA_GetState), (8 bytes).
    Removing stm32f2xx_hal_dma.o(i.HAL_DMA_IRQHandler), (576 bytes).
    Removing stm32f2xx_hal_dma.o(i.HAL_DMA_Init), (236 bytes).
    Removing stm32f2xx_hal_dma.o(i.HAL_DMA_PollForTransfer), (346 bytes).
    Removing stm32f2xx_hal_dma.o(i.HAL_DMA_RegisterCallback), (94 bytes).
    Removing stm32f2xx_hal_dma.o(i.HAL_DMA_Start), (102 bytes).
    Removing stm32f2xx_hal_dma.o(i.HAL_DMA_Start_IT), (146 bytes).
    Removing stm32f2xx_hal_dma.o(i.HAL_DMA_UnRegisterCallback), (124 bytes).
    Removing stm32f2xx_hal_dma.o(.constdata), (8 bytes).
    Removing stm32f2xx_hal_dma_ex.o(.rev16_text), (4 bytes).
    Removing stm32f2xx_hal_dma_ex.o(.revsh_text), (4 bytes).
    Removing stm32f2xx_hal_dma_ex.o(.rrx_text), (6 bytes).
    Removing stm32f2xx_hal_dma_ex.o(i.DMA_MultiBufferSetConfig), (32 bytes).
    Removing stm32f2xx_hal_dma_ex.o(i.HAL_DMAEx_ChangeMemory), (18 bytes).
    Removing stm32f2xx_hal_dma_ex.o(i.HAL_DMAEx_MultiBufferStart), (124 bytes).
    Removing stm32f2xx_hal_dma_ex.o(i.HAL_DMAEx_MultiBufferStart_IT), (4056 bytes).
    Removing stm32f2xx_hal_exti.o(.rev16_text), (4 bytes).
    Removing stm32f2xx_hal_exti.o(.revsh_text), (4 bytes).
    Removing stm32f2xx_hal_exti.o(.rrx_text), (6 bytes).
    Removing stm32f2xx_hal_exti.o(i.HAL_EXTI_ClearConfigLine), (120 bytes).
    Removing stm32f2xx_hal_exti.o(i.HAL_EXTI_ClearPending), (28 bytes).
    Removing stm32f2xx_hal_exti.o(i.HAL_EXTI_GenerateSWI), (24 bytes).
    Removing stm32f2xx_hal_exti.o(i.HAL_EXTI_GetConfigLine), (160 bytes).
    Removing stm32f2xx_hal_exti.o(i.HAL_EXTI_GetHandle), (14 bytes).
    Removing stm32f2xx_hal_exti.o(i.HAL_EXTI_GetPending), (36 bytes).
    Removing stm32f2xx_hal_exti.o(i.HAL_EXTI_IRQHandler), (44 bytes).
    Removing stm32f2xx_hal_exti.o(i.HAL_EXTI_RegisterCallback), (20 bytes).
    Removing stm32f2xx_hal_exti.o(i.HAL_EXTI_SetConfigLine), (240 bytes).
    Removing stm32f2xx_hal_uart.o(.rev16_text), (4 bytes).
    Removing stm32f2xx_hal_uart.o(.revsh_text), (4 bytes).
    Removing stm32f2xx_hal_uart.o(.rrx_text), (6 bytes).
    Removing stm32f2xx_hal_uart.o(i.HAL_HalfDuplex_EnableReceiver), (68 bytes).
    Removing stm32f2xx_hal_uart.o(i.HAL_HalfDuplex_EnableTransmitter), (68 bytes).
    Removing stm32f2xx_hal_uart.o(i.HAL_HalfDuplex_Init), (118 bytes).
    Removing stm32f2xx_hal_uart.o(i.HAL_LIN_Init), (142 bytes).
    Removing stm32f2xx_hal_uart.o(i.HAL_LIN_SendBreak), (62 bytes).
    Removing stm32f2xx_hal_uart.o(i.HAL_MultiProcessor_EnterMuteMode), (62 bytes).
    Removing stm32f2xx_hal_uart.o(i.HAL_MultiProcessor_ExitMuteMode), (62 bytes).
    Removing stm32f2xx_hal_uart.o(i.HAL_MultiProcessor_Init), (154 bytes).
    Removing stm32f2xx_hal_uart.o(i.HAL_UARTEx_ReceiveToIdle), (320 bytes).
    Removing stm32f2xx_hal_uart.o(i.HAL_UARTEx_ReceiveToIdle_DMA), (114 bytes).
    Removing stm32f2xx_hal_uart.o(i.HAL_UARTEx_ReceiveToIdle_IT), (114 bytes).
    Removing stm32f2xx_hal_uart.o(i.HAL_UART_Abort), (192 bytes).
    Removing stm32f2xx_hal_uart.o(i.HAL_UART_AbortCpltCallback), (2 bytes).
    Removing stm32f2xx_hal_uart.o(i.HAL_UART_AbortReceive), (124 bytes).
    Removing stm32f2xx_hal_uart.o(i.HAL_UART_AbortReceiveCpltCallback), (2 bytes).
    Removing stm32f2xx_hal_uart.o(i.HAL_UART_AbortReceive_IT), (148 bytes).
    Removing stm32f2xx_hal_uart.o(i.HAL_UART_AbortTransmit), (90 bytes).
    Removing stm32f2xx_hal_uart.o(i.HAL_UART_AbortTransmitCpltCallback), (2 bytes).
    Removing stm32f2xx_hal_uart.o(i.HAL_UART_AbortTransmit_IT), (108 bytes).
    Removing stm32f2xx_hal_uart.o(i.HAL_UART_Abort_IT), (248 bytes).
    Removing stm32f2xx_hal_uart.o(i.HAL_UART_DMAPause), (124 bytes).
    Removing stm32f2xx_hal_uart.o(i.HAL_UART_DMAResume), (126 bytes).
    Removing stm32f2xx_hal_uart.o(i.HAL_UART_DMAStop), (102 bytes).
    Removing stm32f2xx_hal_uart.o(i.HAL_UART_DeInit), (60 bytes).
    Removing stm32f2xx_hal_uart.o(i.HAL_UART_GetError), (6 bytes).
    Removing stm32f2xx_hal_uart.o(i.HAL_UART_GetState), (20 bytes).
    Removing stm32f2xx_hal_uart.o(i.HAL_UART_MspDeInit), (2 bytes).
    Removing stm32f2xx_hal_uart.o(i.HAL_UART_MspInit), (2 bytes).
    Removing stm32f2xx_hal_uart.o(i.HAL_UART_Receive), (220 bytes).
    Removing stm32f2xx_hal_uart.o(i.HAL_UART_Receive_DMA), (66 bytes).
    Removing stm32f2xx_hal_uart.o(i.HAL_UART_Receive_IT), (66 bytes).
    Removing stm32f2xx_hal_uart.o(i.HAL_UART_RxCpltCallback), (2 bytes).
    Removing stm32f2xx_hal_uart.o(i.HAL_UART_RxHalfCpltCallback), (2 bytes).
    Removing stm32f2xx_hal_uart.o(i.HAL_UART_Transmit), (210 bytes).
    Removing stm32f2xx_hal_uart.o(i.HAL_UART_Transmit_DMA), (156 bytes).
    Removing stm32f2xx_hal_uart.o(i.HAL_UART_Transmit_IT), (88 bytes).
    Removing stm32f2xx_hal_uart.o(i.HAL_UART_TxCpltCallback), (2 bytes).
    Removing stm32f2xx_hal_uart.o(i.HAL_UART_TxHalfCpltCallback), (2 bytes).
    Removing stm32f2xx_hal_uart.o(i.UART_DMAError), (80 bytes).
    Removing stm32f2xx_hal_uart.o(i.UART_DMAReceiveCplt), (104 bytes).
    Removing stm32f2xx_hal_uart.o(i.UART_DMARxAbortCallback), (56 bytes).
    Removing stm32f2xx_hal_uart.o(i.UART_DMARxHalfCplt), (32 bytes).
    Removing stm32f2xx_hal_uart.o(i.UART_DMARxOnlyAbortCallback), (28 bytes).
    Removing stm32f2xx_hal_uart.o(i.UART_DMATransmitCplt), (54 bytes).
    Removing stm32f2xx_hal_uart.o(i.UART_DMATxAbortCallback), (56 bytes).
    Removing stm32f2xx_hal_uart.o(i.UART_DMATxHalfCplt), (14 bytes).
    Removing stm32f2xx_hal_uart.o(i.UART_DMATxOnlyAbortCallback), (24 bytes).
    Removing stm32f2xx_hal_uart.o(i.UART_EndTxTransfer), (20 bytes).
    Removing stm32f2xx_hal_uart.o(i.UART_Start_Receive_DMA), (152 bytes).
    Removing stm32f2xx_hal_uart.o(i.UART_Start_Receive_IT), (70 bytes).
    Removing stm32f2xx_hal_uart.o(i.UART_WaitOnFlagUntilTimeout), (108 bytes).
    Removing system_stm32f2xx.o(.rev16_text), (4 bytes).
    Removing system_stm32f2xx.o(.revsh_text), (4 bytes).
    Removing system_stm32f2xx.o(.rrx_text), (6 bytes).
    Removing system_stm32f2xx.o(i.SystemCoreClockUpdate), (192 bytes).
    Removing mb.o(i.eMBClose), (40 bytes).
    Removing mb.o(i.eMBDisable), (52 bytes).
    Removing mb.o(i.eMBEnable), (40 bytes).
    Removing mb.o(i.eMBInit), (224 bytes).
    Removing mb.o(i.eMBPoll), (312 bytes).
    Removing mb.o(i.eMBRegisterCB), (144 bytes).
    Removing mbcrc.o(i.usMBCRC16), (56 bytes).
    Removing mbcrc.o(.constdata), (512 bytes).
    Removing mbrtu.o(i.eMBRTUInit), (88 bytes).
    Removing mbrtu.o(i.eMBRTUReceive), (164 bytes).
    Removing mbrtu.o(i.eMBRTUSend), (144 bytes).
    Removing mbrtu.o(i.eMBRTUStart), (36 bytes).
    Removing mbrtu.o(i.eMBRTUStop), (24 bytes).
    Removing mbrtu.o(i.xMBRTUReceiveFSM), (208 bytes).
    Removing mbrtu.o(i.xMBRTUTimerT35Expired), (128 bytes).
    Removing mbrtu.o(i.xMBRTUTransmitFSM), (184 bytes).
    Removing mbrtu.o(.bss), (256 bytes).
    Removing mbrtu.o(.conststring), (99 bytes).
    Removing mbrtu.o(.data), (12 bytes).
    Removing mt_port.o(.rev16_text), (4 bytes).
    Removing mt_port.o(.revsh_text), (4 bytes).
    Removing mt_port.o(.rrx_text), (6 bytes).
    Removing mt_port.o(i.EnterCriticalSection), (20 bytes).
    Removing mt_port.o(i.ExitCriticalSection), (24 bytes).
    Removing mt_port.o(i.MT_PORT_SetTimerModule), (12 bytes).
    Removing mt_port.o(i.MT_PORT_SetUartModule), (12 bytes).
    Removing portevent.o(i.xMBPortEventGet), (36 bytes).
    Removing portevent.o(i.xMBPortEventInit), (16 bytes).
    Removing portevent.o(i.xMBPortEventPost), (24 bytes).
    Removing portevent.o(.data), (2 bytes).
    Removing portserial.o(.rev16_text), (4 bytes).
    Removing portserial.o(.revsh_text), (4 bytes).
    Removing portserial.o(.rrx_text), (6 bytes).
    Removing portserial.o(i.vMBPortSerialEnable), (68 bytes).
    Removing portserial.o(i.xMBPortSerialGetByte), (36 bytes).
    Removing portserial.o(i.xMBPortSerialInit), (8 bytes).
    Removing portserial.o(i.xMBPortSerialPutByte), (32 bytes).
    Removing portserial.o(.data), (2 bytes).
    Removing porttimer.o(.rev16_text), (4 bytes).
    Removing porttimer.o(.revsh_text), (4 bytes).
    Removing porttimer.o(.rrx_text), (6 bytes).
    Removing porttimer.o(i.xMBPortTimersInit), (16 bytes).
    Removing mbfuncother.o(i.eMBSetSlaveID), (120 bytes).
    Removing mbutils.o(i.xMBUtilGetBits), (42 bytes).
    Removing mbutils.o(i.xMBUtilSetBits), (152 bytes).
    Removing porttimer.o(i.vMBPortTimersEnable), (28 bytes).
    Removing porttimer.o(i.vMBPortTimersDisable), (16 bytes).

451 unused section(s) (total 41949 bytes) removed from the image.
