<html>
<body>
<pre>
<h1>µVision Build Log</h1>
<h2>Tool Versions:</h2>
IDE-Version: µVision V5.28.0.0
Copyright (C) 2019 ARM Ltd and ARM Germany GmbH. All rights reserved.
License Information: fwqe User, wq, LIC=KRMW3-ARF5Q-CXLU6-D8U51-2PW12-29ZLS
 
Tool Versions:
Toolchain:       MDK-ARM Plus  Version: 5.28.0.0
Toolchain Path:  C:\Keil_v5\ARM\ARMCC\Bin
C Compiler:      Armcc.exe V5.06 update 6 (build 750)
Assembler:       Armasm.exe V5.06 update 6 (build 750)
Linker/Locator:  ArmLink.exe V5.06 update 6 (build 750)
Library Manager: ArmAr.exe V5.06 update 6 (build 750)
Hex Converter:   FromElf.exe V5.06 update 6 (build 750)
CPU DLL:         SARMCM3.DLL V5.28.0.0
Dialog DLL:      DCM.DLL V1.17.3.0
Target DLL:      STLink\ST-LINKIII-KEIL_SWO.dll V3.0.6.0
Dialog DLL:      TCM.DLL V1.36.2.0
 
<h2>Project:</h2>
C:\Users\shumkin\Documents\GitHub\Tests\STM32_Modbus_Slave\Modbus_Slave\MDK-ARM\Modbus_Slave.uvprojx
Project File Date:  03/14/2025

<h2>Output:</h2>
*** Using Compiler 'V5.06 update 6 (build 750)', folder: 'C:\Keil_v5\ARM\ARMCC\Bin'
Build target 'Modbus_Slave'
compiling mbfuncdisc.c...
../modbus/port/port.h(32): warning:  #1295-D: Deprecated declaration EnterCriticalSection - give arg types
  extern void EnterCriticalSection();
../modbus/port/port.h(33): warning:  #1295-D: Deprecated declaration ExitCriticalSection - give arg types
  extern void ExitCriticalSection();
..\modbus\functions\mbfuncdisc.c: 2 warnings, 0 errors
compiling mbfuncinput.c...
../modbus/port/port.h(32): warning:  #1295-D: Deprecated declaration EnterCriticalSection - give arg types
  extern void EnterCriticalSection();
../modbus/port/port.h(33): warning:  #1295-D: Deprecated declaration ExitCriticalSection - give arg types
  extern void ExitCriticalSection();
..\modbus\functions\mbfuncinput.c: 2 warnings, 0 errors
compiling mbfunccoils.c...
../modbus/port/port.h(32): warning:  #1295-D: Deprecated declaration EnterCriticalSection - give arg types
  extern void EnterCriticalSection();
../modbus/port/port.h(33): warning:  #1295-D: Deprecated declaration ExitCriticalSection - give arg types
  extern void ExitCriticalSection();
..\modbus\functions\mbfunccoils.c: 2 warnings, 0 errors
compiling mbfuncother.c...
../modbus/port/port.h(32): warning:  #1295-D: Deprecated declaration EnterCriticalSection - give arg types
  extern void EnterCriticalSection();
../modbus/port/port.h(33): warning:  #1295-D: Deprecated declaration ExitCriticalSection - give arg types
  extern void ExitCriticalSection();
..\modbus\functions\mbfuncother.c: 2 warnings, 0 errors
compiling mbfuncholding.c...
../modbus/port/port.h(32): warning:  #1295-D: Deprecated declaration EnterCriticalSection - give arg types
  extern void EnterCriticalSection();
../modbus/port/port.h(33): warning:  #1295-D: Deprecated declaration ExitCriticalSection - give arg types
  extern void ExitCriticalSection();
..\modbus\functions\mbfuncholding.c: 2 warnings, 0 errors
compiling mb.c...
../modbus/port/port.h(32): warning:  #1295-D: Deprecated declaration EnterCriticalSection - give arg types
  extern void EnterCriticalSection();
../modbus/port/port.h(33): warning:  #1295-D: Deprecated declaration ExitCriticalSection - give arg types
  extern void ExitCriticalSection();
..\modbus\mb.c: 2 warnings, 0 errors
compiling main.c...
../modbus/port/port.h(32): warning:  #1295-D: Deprecated declaration EnterCriticalSection - give arg types
  extern void EnterCriticalSection();
../modbus/port/port.h(33): warning:  #1295-D: Deprecated declaration ExitCriticalSection - give arg types
  extern void ExitCriticalSection();
../Core/Inc/modbus_slave.h(9): warning:  #1-D: last line of file ends without a newline
  #define REG_INPUT_NREGS 8
../Core/Src/main.c: 3 warnings, 0 errors
compiling modbus_slave.c...
../modbus/port/port.h(32): warning:  #1295-D: Deprecated declaration EnterCriticalSection - give arg types
  extern void EnterCriticalSection();
../modbus/port/port.h(33): warning:  #1295-D: Deprecated declaration ExitCriticalSection - give arg types
  extern void ExitCriticalSection();
../Core/Inc/modbus_slave.h(9): warning:  #1-D: last line of file ends without a newline
  #define REG_INPUT_NREGS 8
..\Core\Src\modbus_slave.c: 3 warnings, 0 errors
linking...
Program Size: Code=9452 RO-data=444 RW-data=240 ZI-data=3344  
FromELF: creating hex file...
"Modbus_Slave\Modbus_Slave.axf" - 0 Error(s), 18 Warning(s).

<h2>Software Packages used:</h2>

Package Vendor: ARM
                http://www.keil.com/pack/ARM.CMSIS.5.9.0.pack
                ARM.CMSIS.5.9.0
                CMSIS (Common Microcontroller Software Interface Standard)
   * Component: CORE Version: 5.6.0

Package Vendor: Keil
                http://www.keil.com/pack/Keil.STM32F2xx_DFP.2.10.0.pack
                Keil.STM32F2xx_DFP.2.10.0
                STMicroelectronics STM32F2 Series Device Support, Drivers and Examples

<h2>Collection of Component include folders:</h2>
  .\RTE\_Modbus_Slave
  C:\Users\shumkin\AppData\Local\Arm\Packs\ARM\CMSIS\5.9.0\CMSIS\Core\Include
  C:\Users\shumkin\AppData\Local\Arm\Packs\Keil\STM32F2xx_DFP\2.10.0\Drivers\CMSIS\Device\ST\STM32F2xx\Include

<h2>Collection of Component Files used:</h2>

   * Component: ARM::CMSIS:CORE:5.6.0
      Include file:  CMSIS\Core\Include\tz_context.h
Build Time Elapsed:  00:00:01
</pre>
</body>
</html>
